<?xml version="1.0" encoding="ISO-8859-1" ?>
<link_info>
   <banner>MSP430 Linker PC v18.1.4.LTS</banner>
   <copyright>Copyright (c) 2003-2018 Texas Instruments Incorporated</copyright>
   <link_time>0x5c826702</link_time>
   <link_errors>0x0</link_errors>
   <output_file>MQTT_SIM800_FR5969_No_FOTA.out</output_file>
   <entry_point>
      <name>_c_int00_noargs_mpu</name>
      <address>0x5518</address>
   </entry_point>
   <input_file_list>
      <input_file id="fl-2">
         <path>.\</path>
         <kind>object</kind>
         <file>main.obj</file>
         <name>main.obj</name>
      </input_file>
      <input_file id="fl-3">
         <path>.\MQTTPacket\</path>
         <kind>object</kind>
         <file>MQTTConnectClient.obj</file>
         <name>MQTTConnectClient.obj</name>
      </input_file>
      <input_file id="fl-4">
         <path>.\MQTTPacket\</path>
         <kind>object</kind>
         <file>MQTTConnectServer.obj</file>
         <name>MQTTConnectServer.obj</name>
      </input_file>
      <input_file id="fl-5">
         <path>.\MQTTPacket\</path>
         <kind>object</kind>
         <file>MQTTDeserializePublish.obj</file>
         <name>MQTTDeserializePublish.obj</name>
      </input_file>
      <input_file id="fl-6">
         <path>.\MQTTPacket\</path>
         <kind>object</kind>
         <file>MQTTFormat.obj</file>
         <name>MQTTFormat.obj</name>
      </input_file>
      <input_file id="fl-7">
         <path>.\MQTTPacket\</path>
         <kind>object</kind>
         <file>MQTTPacket.obj</file>
         <name>MQTTPacket.obj</name>
      </input_file>
      <input_file id="fl-8">
         <path>.\MQTTPacket\</path>
         <kind>object</kind>
         <file>MQTTSerializePublish.obj</file>
         <name>MQTTSerializePublish.obj</name>
      </input_file>
      <input_file id="fl-9">
         <path>.\MQTTPacket\</path>
         <kind>object</kind>
         <file>MQTTSubscribeClient.obj</file>
         <name>MQTTSubscribeClient.obj</name>
      </input_file>
      <input_file id="fl-a">
         <path>.\MQTTPacket\</path>
         <kind>object</kind>
         <file>MQTTSubscribeServer.obj</file>
         <name>MQTTSubscribeServer.obj</name>
      </input_file>
      <input_file id="fl-b">
         <path>.\MQTTPacket\</path>
         <kind>object</kind>
         <file>MQTTUnsubscribeClient.obj</file>
         <name>MQTTUnsubscribeClient.obj</name>
      </input_file>
      <input_file id="fl-c">
         <path>.\MQTTPacket\</path>
         <kind>object</kind>
         <file>MQTTUnsubscribeServer.obj</file>
         <name>MQTTUnsubscribeServer.obj</name>
      </input_file>
      <input_file id="fl-d">
         <path>.\Source\</path>
         <kind>object</kind>
         <file>App.obj</file>
         <name>App.obj</name>
      </input_file>
      <input_file id="fl-e">
         <path>.\Source\</path>
         <kind>object</kind>
         <file>GSM.obj</file>
         <name>GSM.obj</name>
      </input_file>
      <input_file id="fl-f">
         <path>.\Source\</path>
         <kind>object</kind>
         <file>Mpu.obj</file>
         <name>Mpu.obj</name>
      </input_file>
      <input_file id="fl-10">
         <path>.\Source\</path>
         <kind>object</kind>
         <file>Mqtt.obj</file>
         <name>Mqtt.obj</name>
      </input_file>
      <input_file id="fl-11">
         <path>.\Source\</path>
         <kind>object</kind>
         <file>SPi_flash_Reg.obj</file>
         <name>SPi_flash_Reg.obj</name>
      </input_file>
      <input_file id="fl-12">
         <path>.\Source\</path>
         <kind>object</kind>
         <file>Timer.obj</file>
         <name>Timer.obj</name>
      </input_file>
      <input_file id="fl-13">
         <path>.\Source\</path>
         <kind>object</kind>
         <file>Uart.obj</file>
         <name>Uart.obj</name>
      </input_file>
      <input_file id="fl-14">
         <path>.\Source\</path>
         <kind>object</kind>
         <file>clock.obj</file>
         <name>clock.obj</name>
      </input_file>
      <input_file id="fl-15">
         <path>.\Source\</path>
         <kind>object</kind>
         <file>rtc.obj</file>
         <name>rtc.obj</name>
      </input_file>
      <input_file id="fl-16">
         <path>.\driverlib\MSP430FR5xx_6xx\</path>
         <kind>object</kind>
         <file>adc12_b.obj</file>
         <name>adc12_b.obj</name>
      </input_file>
      <input_file id="fl-17">
         <path>.\driverlib\MSP430FR5xx_6xx\</path>
         <kind>object</kind>
         <file>aes256.obj</file>
         <name>aes256.obj</name>
      </input_file>
      <input_file id="fl-18">
         <path>.\driverlib\MSP430FR5xx_6xx\</path>
         <kind>object</kind>
         <file>comp_e.obj</file>
         <name>comp_e.obj</name>
      </input_file>
      <input_file id="fl-19">
         <path>.\driverlib\MSP430FR5xx_6xx\</path>
         <kind>object</kind>
         <file>crc.obj</file>
         <name>crc.obj</name>
      </input_file>
      <input_file id="fl-1a">
         <path>.\driverlib\MSP430FR5xx_6xx\</path>
         <kind>object</kind>
         <file>crc32.obj</file>
         <name>crc32.obj</name>
      </input_file>
      <input_file id="fl-1b">
         <path>.\driverlib\MSP430FR5xx_6xx\</path>
         <kind>object</kind>
         <file>cs.obj</file>
         <name>cs.obj</name>
      </input_file>
      <input_file id="fl-1c">
         <path>.\driverlib\MSP430FR5xx_6xx\</path>
         <kind>object</kind>
         <file>dma.obj</file>
         <name>dma.obj</name>
      </input_file>
      <input_file id="fl-1d">
         <path>.\driverlib\MSP430FR5xx_6xx\</path>
         <kind>object</kind>
         <file>esi.obj</file>
         <name>esi.obj</name>
      </input_file>
      <input_file id="fl-1e">
         <path>.\driverlib\MSP430FR5xx_6xx\</path>
         <kind>object</kind>
         <file>eusci_a_spi.obj</file>
         <name>eusci_a_spi.obj</name>
      </input_file>
      <input_file id="fl-1f">
         <path>.\driverlib\MSP430FR5xx_6xx\</path>
         <kind>object</kind>
         <file>eusci_a_uart.obj</file>
         <name>eusci_a_uart.obj</name>
      </input_file>
      <input_file id="fl-20">
         <path>.\driverlib\MSP430FR5xx_6xx\</path>
         <kind>object</kind>
         <file>eusci_b_i2c.obj</file>
         <name>eusci_b_i2c.obj</name>
      </input_file>
      <input_file id="fl-21">
         <path>.\driverlib\MSP430FR5xx_6xx\</path>
         <kind>object</kind>
         <file>eusci_b_spi.obj</file>
         <name>eusci_b_spi.obj</name>
      </input_file>
      <input_file id="fl-22">
         <path>.\driverlib\MSP430FR5xx_6xx\</path>
         <kind>object</kind>
         <file>framctl.obj</file>
         <name>framctl.obj</name>
      </input_file>
      <input_file id="fl-23">
         <path>.\driverlib\MSP430FR5xx_6xx\</path>
         <kind>object</kind>
         <file>framctl_a.obj</file>
         <name>framctl_a.obj</name>
      </input_file>
      <input_file id="fl-24">
         <path>.\driverlib\MSP430FR5xx_6xx\</path>
         <kind>object</kind>
         <file>gpio.obj</file>
         <name>gpio.obj</name>
      </input_file>
      <input_file id="fl-25">
         <path>.\driverlib\MSP430FR5xx_6xx\</path>
         <kind>object</kind>
         <file>lcd_c.obj</file>
         <name>lcd_c.obj</name>
      </input_file>
      <input_file id="fl-26">
         <path>.\driverlib\MSP430FR5xx_6xx\</path>
         <kind>object</kind>
         <file>mpu.obj</file>
         <name>mpu.obj</name>
      </input_file>
      <input_file id="fl-27">
         <path>.\driverlib\MSP430FR5xx_6xx\</path>
         <kind>object</kind>
         <file>mpy32.obj</file>
         <name>mpy32.obj</name>
      </input_file>
      <input_file id="fl-28">
         <path>.\driverlib\MSP430FR5xx_6xx\</path>
         <kind>object</kind>
         <file>pmm.obj</file>
         <name>pmm.obj</name>
      </input_file>
      <input_file id="fl-29">
         <path>.\driverlib\MSP430FR5xx_6xx\</path>
         <kind>object</kind>
         <file>ram.obj</file>
         <name>ram.obj</name>
      </input_file>
      <input_file id="fl-2a">
         <path>.\driverlib\MSP430FR5xx_6xx\</path>
         <kind>object</kind>
         <file>ref_a.obj</file>
         <name>ref_a.obj</name>
      </input_file>
      <input_file id="fl-2b">
         <path>.\driverlib\MSP430FR5xx_6xx\</path>
         <kind>object</kind>
         <file>rtc_b.obj</file>
         <name>rtc_b.obj</name>
      </input_file>
      <input_file id="fl-2c">
         <path>.\driverlib\MSP430FR5xx_6xx\</path>
         <kind>object</kind>
         <file>rtc_c.obj</file>
         <name>rtc_c.obj</name>
      </input_file>
      <input_file id="fl-2d">
         <path>.\driverlib\MSP430FR5xx_6xx\</path>
         <kind>object</kind>
         <file>sfr.obj</file>
         <name>sfr.obj</name>
      </input_file>
      <input_file id="fl-2e">
         <path>.\driverlib\MSP430FR5xx_6xx\</path>
         <kind>object</kind>
         <file>sysctl.obj</file>
         <name>sysctl.obj</name>
      </input_file>
      <input_file id="fl-2f">
         <path>.\driverlib\MSP430FR5xx_6xx\</path>
         <kind>object</kind>
         <file>timer_a.obj</file>
         <name>timer_a.obj</name>
      </input_file>
      <input_file id="fl-30">
         <path>.\driverlib\MSP430FR5xx_6xx\</path>
         <kind>object</kind>
         <file>timer_b.obj</file>
         <name>timer_b.obj</name>
      </input_file>
      <input_file id="fl-31">
         <path>.\driverlib\MSP430FR5xx_6xx\</path>
         <kind>object</kind>
         <file>tlv.obj</file>
         <name>tlv.obj</name>
      </input_file>
      <input_file id="fl-32">
         <path>.\driverlib\MSP430FR5xx_6xx\</path>
         <kind>object</kind>
         <file>wdt_a.obj</file>
         <name>wdt_a.obj</name>
      </input_file>
      <input_file id="fl-39">
         <kind>object</kind>
         <file>&lt;internal&gt;</file>
         <name>&lt;internal&gt;</name>
      </input_file>
      <input_file id="fl-59">
         <path>C:\ti\ccsv8\tools\compiler\ti-cgt-msp430_18.1.4.LTS\lib\</path>
         <kind>archive</kind>
         <file>rts430x_lc_rd_eabi.lib</file>
         <name>copy_decompress_lzss.c.obj</name>
      </input_file>
      <input_file id="fl-5a">
         <path>C:\ti\ccsv8\tools\compiler\ti-cgt-msp430_18.1.4.LTS\lib\</path>
         <kind>archive</kind>
         <file>rts430x_lc_rd_eabi.lib</file>
         <name>copy_decompress_none.c.obj</name>
      </input_file>
      <input_file id="fl-5b">
         <path>C:\ti\ccsv8\tools\compiler\ti-cgt-msp430_18.1.4.LTS\lib\</path>
         <kind>archive</kind>
         <file>rts430x_lc_rd_eabi.lib</file>
         <name>int30.asm.obj</name>
      </input_file>
      <input_file id="fl-5c">
         <path>C:\ti\ccsv8\tools\compiler\ti-cgt-msp430_18.1.4.LTS\lib\</path>
         <kind>archive</kind>
         <file>rts430x_lc_rd_eabi.lib</file>
         <name>isr_trap.asm.obj</name>
      </input_file>
      <input_file id="fl-5d">
         <path>C:\ti\ccsv8\tools\compiler\ti-cgt-msp430_18.1.4.LTS\lib\</path>
         <kind>archive</kind>
         <file>rts430x_lc_rd_eabi.lib</file>
         <name>int32.asm.obj</name>
      </input_file>
      <input_file id="fl-5e">
         <path>C:\ti\ccsv8\tools\compiler\ti-cgt-msp430_18.1.4.LTS\lib\</path>
         <kind>archive</kind>
         <file>rts430x_lc_rd_eabi.lib</file>
         <name>int33.asm.obj</name>
      </input_file>
      <input_file id="fl-5f">
         <path>C:\ti\ccsv8\tools\compiler\ti-cgt-msp430_18.1.4.LTS\lib\</path>
         <kind>archive</kind>
         <file>rts430x_lc_rd_eabi.lib</file>
         <name>int34.asm.obj</name>
      </input_file>
      <input_file id="fl-60">
         <path>C:\ti\ccsv8\tools\compiler\ti-cgt-msp430_18.1.4.LTS\lib\</path>
         <kind>archive</kind>
         <file>rts430x_lc_rd_eabi.lib</file>
         <name>int35.asm.obj</name>
      </input_file>
      <input_file id="fl-61">
         <path>C:\ti\ccsv8\tools\compiler\ti-cgt-msp430_18.1.4.LTS\lib\</path>
         <kind>archive</kind>
         <file>rts430x_lc_rd_eabi.lib</file>
         <name>int36.asm.obj</name>
      </input_file>
      <input_file id="fl-62">
         <path>C:\ti\ccsv8\tools\compiler\ti-cgt-msp430_18.1.4.LTS\lib\</path>
         <kind>archive</kind>
         <file>rts430x_lc_rd_eabi.lib</file>
         <name>int37.asm.obj</name>
      </input_file>
      <input_file id="fl-63">
         <path>C:\ti\ccsv8\tools\compiler\ti-cgt-msp430_18.1.4.LTS\lib\</path>
         <kind>archive</kind>
         <file>rts430x_lc_rd_eabi.lib</file>
         <name>int39.asm.obj</name>
      </input_file>
      <input_file id="fl-64">
         <path>C:\ti\ccsv8\tools\compiler\ti-cgt-msp430_18.1.4.LTS\lib\</path>
         <kind>archive</kind>
         <file>rts430x_lc_rd_eabi.lib</file>
         <name>int40.asm.obj</name>
      </input_file>
      <input_file id="fl-65">
         <path>C:\ti\ccsv8\tools\compiler\ti-cgt-msp430_18.1.4.LTS\lib\</path>
         <kind>archive</kind>
         <file>rts430x_lc_rd_eabi.lib</file>
         <name>int42.asm.obj</name>
      </input_file>
      <input_file id="fl-66">
         <path>C:\ti\ccsv8\tools\compiler\ti-cgt-msp430_18.1.4.LTS\lib\</path>
         <kind>archive</kind>
         <file>rts430x_lc_rd_eabi.lib</file>
         <name>int44.asm.obj</name>
      </input_file>
      <input_file id="fl-67">
         <path>C:\ti\ccsv8\tools\compiler\ti-cgt-msp430_18.1.4.LTS\lib\</path>
         <kind>archive</kind>
         <file>rts430x_lc_rd_eabi.lib</file>
         <name>int46.asm.obj</name>
      </input_file>
      <input_file id="fl-68">
         <path>C:\ti\ccsv8\tools\compiler\ti-cgt-msp430_18.1.4.LTS\lib\</path>
         <kind>archive</kind>
         <file>rts430x_lc_rd_eabi.lib</file>
         <name>int47.asm.obj</name>
      </input_file>
      <input_file id="fl-69">
         <path>C:\ti\ccsv8\tools\compiler\ti-cgt-msp430_18.1.4.LTS\lib\</path>
         <kind>archive</kind>
         <file>rts430x_lc_rd_eabi.lib</file>
         <name>int49.asm.obj</name>
      </input_file>
      <input_file id="fl-6a">
         <path>C:\ti\ccsv8\tools\compiler\ti-cgt-msp430_18.1.4.LTS\lib\</path>
         <kind>archive</kind>
         <file>rts430x_lc_rd_eabi.lib</file>
         <name>int50.asm.obj</name>
      </input_file>
      <input_file id="fl-6b">
         <path>C:\ti\ccsv8\tools\compiler\ti-cgt-msp430_18.1.4.LTS\lib\</path>
         <kind>archive</kind>
         <file>rts430x_lc_rd_eabi.lib</file>
         <name>int51.asm.obj</name>
      </input_file>
      <input_file id="fl-6c">
         <path>C:\ti\ccsv8\tools\compiler\ti-cgt-msp430_18.1.4.LTS\lib\</path>
         <kind>archive</kind>
         <file>rts430x_lc_rd_eabi.lib</file>
         <name>int52.asm.obj</name>
      </input_file>
      <input_file id="fl-6d">
         <path>C:\ti\ccsv8\tools\compiler\ti-cgt-msp430_18.1.4.LTS\lib\</path>
         <kind>archive</kind>
         <file>rts430x_lc_rd_eabi.lib</file>
         <name>int53.asm.obj</name>
      </input_file>
      <input_file id="fl-6e">
         <path>C:\ti\ccsv8\tools\compiler\ti-cgt-msp430_18.1.4.LTS\lib\</path>
         <kind>archive</kind>
         <file>rts430x_lc_rd_eabi.lib</file>
         <name>copy_zero_init.c.obj</name>
      </input_file>
      <input_file id="fl-6f">
         <path>C:\ti\ccsv8\tools\compiler\ti-cgt-msp430_18.1.4.LTS\lib\</path>
         <kind>archive</kind>
         <file>rts430x_lc_rd_eabi.lib</file>
         <name>div16s.asm.obj</name>
      </input_file>
      <input_file id="fl-70">
         <path>C:\ti\ccsv8\tools\compiler\ti-cgt-msp430_18.1.4.LTS\lib\</path>
         <kind>archive</kind>
         <file>rts430x_lc_rd_eabi.lib</file>
         <name>div32s.asm.obj</name>
      </input_file>
      <input_file id="fl-71">
         <path>C:\ti\ccsv8\tools\compiler\ti-cgt-msp430_18.1.4.LTS\lib\</path>
         <kind>archive</kind>
         <file>rts430x_lc_rd_eabi.lib</file>
         <name>div16u.asm.obj</name>
      </input_file>
      <input_file id="fl-72">
         <path>C:\ti\ccsv8\tools\compiler\ti-cgt-msp430_18.1.4.LTS\lib\</path>
         <kind>archive</kind>
         <file>rts430x_lc_rd_eabi.lib</file>
         <name>div32u.asm.obj</name>
      </input_file>
      <input_file id="fl-73">
         <path>C:\ti\ccsv8\tools\compiler\ti-cgt-msp430_18.1.4.LTS\lib\</path>
         <kind>archive</kind>
         <file>rts430x_lc_rd_eabi.lib</file>
         <name>mult16.asm.obj</name>
      </input_file>
      <input_file id="fl-74">
         <path>C:\ti\ccsv8\tools\compiler\ti-cgt-msp430_18.1.4.LTS\lib\</path>
         <kind>archive</kind>
         <file>rts430x_lc_rd_eabi.lib</file>
         <name>mult16_f5hw.asm.obj</name>
      </input_file>
      <input_file id="fl-75">
         <path>C:\ti\ccsv8\tools\compiler\ti-cgt-msp430_18.1.4.LTS\lib\</path>
         <kind>archive</kind>
         <file>rts430x_lc_rd_eabi.lib</file>
         <name>mult32.asm.obj</name>
      </input_file>
      <input_file id="fl-76">
         <path>C:\ti\ccsv8\tools\compiler\ti-cgt-msp430_18.1.4.LTS\lib\</path>
         <kind>archive</kind>
         <file>rts430x_lc_rd_eabi.lib</file>
         <name>mult32_f5hw.asm.obj</name>
      </input_file>
      <input_file id="fl-77">
         <path>C:\ti\ccsv8\tools\compiler\ti-cgt-msp430_18.1.4.LTS\lib\</path>
         <kind>archive</kind>
         <file>rts430x_lc_rd_eabi.lib</file>
         <name>mult64_f5hw.asm.obj</name>
      </input_file>
      <input_file id="fl-78">
         <path>C:\ti\ccsv8\tools\compiler\ti-cgt-msp430_18.1.4.LTS\lib\</path>
         <kind>archive</kind>
         <file>rts430x_lc_rd_eabi.lib</file>
         <name>mult1632_f5hw.asm.obj</name>
      </input_file>
      <input_file id="fl-79">
         <path>C:\ti\ccsv8\tools\compiler\ti-cgt-msp430_18.1.4.LTS\lib\</path>
         <kind>archive</kind>
         <file>rts430x_lc_rd_eabi.lib</file>
         <name>mult3264_f5hw.asm.obj</name>
      </input_file>
      <input_file id="fl-7a">
         <path>C:\ti\ccsv8\tools\compiler\ti-cgt-msp430_18.1.4.LTS\lib\</path>
         <kind>archive</kind>
         <file>rts430x_lc_rd_eabi.lib</file>
         <name>lsl16.asm.obj</name>
      </input_file>
      <input_file id="fl-7b">
         <path>C:\ti\ccsv8\tools\compiler\ti-cgt-msp430_18.1.4.LTS\lib\</path>
         <kind>archive</kind>
         <file>rts430x_lc_rd_eabi.lib</file>
         <name>lsl32.asm.obj</name>
      </input_file>
      <input_file id="fl-7c">
         <path>C:\ti\ccsv8\tools\compiler\ti-cgt-msp430_18.1.4.LTS\lib\</path>
         <kind>archive</kind>
         <file>rts430x_lc_rd_eabi.lib</file>
         <name>asr32.asm.obj</name>
      </input_file>
      <input_file id="fl-7d">
         <path>C:\ti\ccsv8\tools\compiler\ti-cgt-msp430_18.1.4.LTS\lib\</path>
         <kind>archive</kind>
         <file>rts430x_lc_rd_eabi.lib</file>
         <name>boot.c.obj</name>
      </input_file>
      <input_file id="fl-7e">
         <path>C:\ti\ccsv8\ccs_base\msp430\lib\FR59xx\</path>
         <kind>archive</kind>
         <file>MSPMPU_INIT_LIB_CCS_msp430_large_code_restricted_data.lib</file>
         <name>mpu_init.o</name>
      </input_file>
      <input_file id="fl-7f">
         <path>C:\ti\ccsv8\tools\compiler\ti-cgt-msp430_18.1.4.LTS\lib\</path>
         <kind>archive</kind>
         <file>rts430x_lc_rd_eabi.lib</file>
         <name>args_main.c.obj</name>
      </input_file>
      <input_file id="fl-80">
         <path>C:\ti\ccsv8\tools\compiler\ti-cgt-msp430_18.1.4.LTS\lib\</path>
         <kind>archive</kind>
         <file>rts430x_lc_rd_eabi.lib</file>
         <name>autoinit.c.obj</name>
      </input_file>
      <input_file id="fl-81">
         <path>C:\ti\ccsv8\tools\compiler\ti-cgt-msp430_18.1.4.LTS\lib\</path>
         <kind>archive</kind>
         <file>rts430x_lc_rd_eabi.lib</file>
         <name>startup.c.obj</name>
      </input_file>
      <input_file id="fl-82">
         <path>C:\ti\ccsv8\tools\compiler\ti-cgt-msp430_18.1.4.LTS\lib\</path>
         <kind>archive</kind>
         <file>rts430x_lc_rd_eabi.lib</file>
         <name>pre_init.c.obj</name>
      </input_file>
      <input_file id="fl-83">
         <path>C:\ti\ccsv8\tools\compiler\ti-cgt-msp430_18.1.4.LTS\lib\</path>
         <kind>archive</kind>
         <file>rts430x_lc_rd_eabi.lib</file>
         <name>atoi.c.obj</name>
      </input_file>
      <input_file id="fl-84">
         <path>C:\ti\ccsv8\tools\compiler\ti-cgt-msp430_18.1.4.LTS\lib\</path>
         <kind>archive</kind>
         <file>rts430x_lc_rd_eabi.lib</file>
         <name>ctype.c.obj</name>
      </input_file>
      <input_file id="fl-85">
         <path>C:\ti\ccsv8\tools\compiler\ti-cgt-msp430_18.1.4.LTS\lib\</path>
         <kind>archive</kind>
         <file>rts430x_lc_rd_eabi.lib</file>
         <name>memory.c.obj</name>
      </input_file>
      <input_file id="fl-86">
         <path>C:\ti\ccsv8\tools\compiler\ti-cgt-msp430_18.1.4.LTS\lib\</path>
         <kind>archive</kind>
         <file>rts430x_lc_rd_eabi.lib</file>
         <name>_lock.c.obj</name>
      </input_file>
      <input_file id="fl-87">
         <path>C:\ti\ccsv8\tools\compiler\ti-cgt-msp430_18.1.4.LTS\lib\</path>
         <kind>archive</kind>
         <file>rts430x_lc_rd_eabi.lib</file>
         <name>cpy_tbl.c.obj</name>
      </input_file>
      <input_file id="fl-88">
         <path>C:\ti\ccsv8\tools\compiler\ti-cgt-msp430_18.1.4.LTS\lib\</path>
         <kind>archive</kind>
         <file>rts430x_lc_rd_eabi.lib</file>
         <name>exit.c.obj</name>
      </input_file>
      <input_file id="fl-89">
         <path>C:\ti\ccsv8\tools\compiler\ti-cgt-msp430_18.1.4.LTS\lib\</path>
         <kind>archive</kind>
         <file>rts430x_lc_rd_eabi.lib</file>
         <name>exit_gvars.c.obj</name>
      </input_file>
      <input_file id="fl-8a">
         <path>C:\ti\ccsv8\tools\compiler\ti-cgt-msp430_18.1.4.LTS\lib\</path>
         <kind>archive</kind>
         <file>rts430x_lc_rd_eabi.lib</file>
         <name>ltoa.c.obj</name>
      </input_file>
      <input_file id="fl-8b">
         <path>C:\ti\ccsv8\tools\compiler\ti-cgt-msp430_18.1.4.LTS\lib\</path>
         <kind>archive</kind>
         <file>rts430x_lc_rd_eabi.lib</file>
         <name>abs.c.obj</name>
      </input_file>
      <input_file id="fl-8c">
         <path>C:\ti\ccsv8\tools\compiler\ti-cgt-msp430_18.1.4.LTS\lib\</path>
         <kind>archive</kind>
         <file>rts430x_lc_rd_eabi.lib</file>
         <name>memcmp.c.obj</name>
      </input_file>
      <input_file id="fl-8d">
         <path>C:\ti\ccsv8\tools\compiler\ti-cgt-msp430_18.1.4.LTS\lib\</path>
         <kind>archive</kind>
         <file>rts430x_lc_rd_eabi.lib</file>
         <name>memcpy.c.obj</name>
      </input_file>
      <input_file id="fl-8e">
         <path>C:\ti\ccsv8\tools\compiler\ti-cgt-msp430_18.1.4.LTS\lib\</path>
         <kind>archive</kind>
         <file>rts430x_lc_rd_eabi.lib</file>
         <name>memset.c.obj</name>
      </input_file>
      <input_file id="fl-8f">
         <path>C:\ti\ccsv8\tools\compiler\ti-cgt-msp430_18.1.4.LTS\lib\</path>
         <kind>archive</kind>
         <file>rts430x_lc_rd_eabi.lib</file>
         <name>snprintf.c.obj</name>
      </input_file>
      <input_file id="fl-90">
         <path>C:\ti\ccsv8\tools\compiler\ti-cgt-msp430_18.1.4.LTS\lib\</path>
         <kind>archive</kind>
         <file>rts430x_lc_rd_eabi.lib</file>
         <name>_printfi.c.obj</name>
      </input_file>
      <input_file id="fl-91">
         <path>C:\ti\ccsv8\tools\compiler\ti-cgt-msp430_18.1.4.LTS\lib\</path>
         <kind>archive</kind>
         <file>rts430x_lc_rd_eabi.lib</file>
         <name>cmpd.c.obj</name>
      </input_file>
      <input_file id="fl-92">
         <path>C:\ti\ccsv8\tools\compiler\ti-cgt-msp430_18.1.4.LTS\lib\</path>
         <kind>archive</kind>
         <file>rts430x_lc_rd_eabi.lib</file>
         <name>divd.c.obj</name>
      </input_file>
      <input_file id="fl-93">
         <path>C:\ti\ccsv8\tools\compiler\ti-cgt-msp430_18.1.4.LTS\lib\</path>
         <kind>archive</kind>
         <file>rts430x_lc_rd_eabi.lib</file>
         <name>frcdivd.c.obj</name>
      </input_file>
      <input_file id="fl-94">
         <path>C:\ti\ccsv8\tools\compiler\ti-cgt-msp430_18.1.4.LTS\lib\</path>
         <kind>archive</kind>
         <file>rts430x_lc_rd_eabi.lib</file>
         <name>div64u.c.obj</name>
      </input_file>
      <input_file id="fl-95">
         <path>C:\ti\ccsv8\tools\compiler\ti-cgt-msp430_18.1.4.LTS\lib\</path>
         <kind>archive</kind>
         <file>rts430x_lc_rd_eabi.lib</file>
         <name>fixdi.c.obj</name>
      </input_file>
      <input_file id="fl-96">
         <path>C:\ti\ccsv8\tools\compiler\ti-cgt-msp430_18.1.4.LTS\lib\</path>
         <kind>archive</kind>
         <file>rts430x_lc_rd_eabi.lib</file>
         <name>fixdli.c.obj</name>
      </input_file>
      <input_file id="fl-97">
         <path>C:\ti\ccsv8\tools\compiler\ti-cgt-msp430_18.1.4.LTS\lib\</path>
         <kind>archive</kind>
         <file>rts430x_lc_rd_eabi.lib</file>
         <name>fltid.c.obj</name>
      </input_file>
      <input_file id="fl-98">
         <path>C:\ti\ccsv8\tools\compiler\ti-cgt-msp430_18.1.4.LTS\lib\</path>
         <kind>archive</kind>
         <file>rts430x_lc_rd_eabi.lib</file>
         <name>fltlid.c.obj</name>
      </input_file>
      <input_file id="fl-99">
         <path>C:\ti\ccsv8\tools\compiler\ti-cgt-msp430_18.1.4.LTS\lib\</path>
         <kind>archive</kind>
         <file>rts430x_lc_rd_eabi.lib</file>
         <name>mpyd.c.obj</name>
      </input_file>
      <input_file id="fl-9a">
         <path>C:\ti\ccsv8\tools\compiler\ti-cgt-msp430_18.1.4.LTS\lib\</path>
         <kind>archive</kind>
         <file>rts430x_lc_rd_eabi.lib</file>
         <name>frcmpyd.c.obj</name>
      </input_file>
      <input_file id="fl-9b">
         <path>C:\ti\ccsv8\tools\compiler\ti-cgt-msp430_18.1.4.LTS\lib\</path>
         <kind>archive</kind>
         <file>rts430x_lc_rd_eabi.lib</file>
         <name>negd.c.obj</name>
      </input_file>
      <input_file id="fl-9c">
         <path>C:\ti\ccsv8\tools\compiler\ti-cgt-msp430_18.1.4.LTS\lib\</path>
         <kind>archive</kind>
         <file>rts430x_lc_rd_eabi.lib</file>
         <name>lsl64.c.obj</name>
      </input_file>
      <input_file id="fl-9d">
         <path>C:\ti\ccsv8\tools\compiler\ti-cgt-msp430_18.1.4.LTS\lib\</path>
         <kind>archive</kind>
         <file>rts430x_lc_rd_eabi.lib</file>
         <name>lsr32.asm.obj</name>
      </input_file>
      <input_file id="fl-9e">
         <path>C:\ti\ccsv8\tools\compiler\ti-cgt-msp430_18.1.4.LTS\lib\</path>
         <kind>archive</kind>
         <file>rts430x_lc_rd_eabi.lib</file>
         <name>lsr64.c.obj</name>
      </input_file>
      <input_file id="fl-9f">
         <path>C:\ti\ccsv8\tools\compiler\ti-cgt-msp430_18.1.4.LTS\lib\</path>
         <kind>archive</kind>
         <file>rts430x_lc_rd_eabi.lib</file>
         <name>subd.c.obj</name>
      </input_file>
      <input_file id="fl-a0">
         <path>C:\ti\ccsv8\tools\compiler\ti-cgt-msp430_18.1.4.LTS\lib\</path>
         <kind>archive</kind>
         <file>rts430x_lc_rd_eabi.lib</file>
         <name>addd.c.obj</name>
      </input_file>
      <input_file id="fl-a1">
         <path>C:\ti\ccsv8\tools\compiler\ti-cgt-msp430_18.1.4.LTS\lib\</path>
         <kind>archive</kind>
         <file>rts430x_lc_rd_eabi.lib</file>
         <name>frcaddd.c.obj</name>
      </input_file>
      <input_file id="fl-a2">
         <path>C:\ti\ccsv8\tools\compiler\ti-cgt-msp430_18.1.4.LTS\lib\</path>
         <kind>archive</kind>
         <file>rts430x_lc_rd_eabi.lib</file>
         <name>renormd.c.obj</name>
      </input_file>
      <input_file id="fl-a3">
         <path>C:\ti\ccsv8\tools\compiler\ti-cgt-msp430_18.1.4.LTS\lib\</path>
         <kind>archive</kind>
         <file>rts430x_lc_rd_eabi.lib</file>
         <name>errno.c.obj</name>
      </input_file>
      <input_file id="fl-a4">
         <path>C:\ti\ccsv8\tools\compiler\ti-cgt-msp430_18.1.4.LTS\lib\</path>
         <kind>archive</kind>
         <file>rts430x_lc_rd_eabi.lib</file>
         <name>s_frexp.c.obj</name>
      </input_file>
      <input_file id="fl-a5">
         <path>C:\ti\ccsv8\tools\compiler\ti-cgt-msp430_18.1.4.LTS\lib\</path>
         <kind>archive</kind>
         <file>rts430x_lc_rd_eabi.lib</file>
         <name>s_scalbn.c.obj</name>
      </input_file>
      <input_file id="fl-a6">
         <path>C:\ti\ccsv8\tools\compiler\ti-cgt-msp430_18.1.4.LTS\lib\</path>
         <kind>archive</kind>
         <file>rts430x_lc_rd_eabi.lib</file>
         <name>s_copysign.c.obj</name>
      </input_file>
      <input_file id="fl-a7">
         <path>C:\ti\ccsv8\tools\compiler\ti-cgt-msp430_18.1.4.LTS\lib\</path>
         <kind>archive</kind>
         <file>rts430x_lc_rd_eabi.lib</file>
         <name>memccpy.c.obj</name>
      </input_file>
      <input_file id="fl-a8">
         <path>C:\ti\ccsv8\tools\compiler\ti-cgt-msp430_18.1.4.LTS\lib\</path>
         <kind>archive</kind>
         <file>rts430x_lc_rd_eabi.lib</file>
         <name>strcat.c.obj</name>
      </input_file>
      <input_file id="fl-a9">
         <path>C:\ti\ccsv8\tools\compiler\ti-cgt-msp430_18.1.4.LTS\lib\</path>
         <kind>archive</kind>
         <file>rts430x_lc_rd_eabi.lib</file>
         <name>strchr.c.obj</name>
      </input_file>
      <input_file id="fl-aa">
         <path>C:\ti\ccsv8\tools\compiler\ti-cgt-msp430_18.1.4.LTS\lib\</path>
         <kind>archive</kind>
         <file>rts430x_lc_rd_eabi.lib</file>
         <name>strcpy.c.obj</name>
      </input_file>
      <input_file id="fl-ab">
         <path>C:\ti\ccsv8\tools\compiler\ti-cgt-msp430_18.1.4.LTS\lib\</path>
         <kind>archive</kind>
         <file>rts430x_lc_rd_eabi.lib</file>
         <name>strlen.c.obj</name>
      </input_file>
      <input_file id="fl-ac">
         <path>C:\ti\ccsv8\tools\compiler\ti-cgt-msp430_18.1.4.LTS\lib\</path>
         <kind>archive</kind>
         <file>rts430x_lc_rd_eabi.lib</file>
         <name>strncat.c.obj</name>
      </input_file>
      <input_file id="fl-ad">
         <path>C:\ti\ccsv8\tools\compiler\ti-cgt-msp430_18.1.4.LTS\lib\</path>
         <kind>archive</kind>
         <file>rts430x_lc_rd_eabi.lib</file>
         <name>strncmp.c.obj</name>
      </input_file>
      <input_file id="fl-ae">
         <path>C:\ti\ccsv8\tools\compiler\ti-cgt-msp430_18.1.4.LTS\lib\</path>
         <kind>archive</kind>
         <file>rts430x_lc_rd_eabi.lib</file>
         <name>strncpy.c.obj</name>
      </input_file>
      <input_file id="fl-af">
         <path>C:\ti\ccsv8\tools\compiler\ti-cgt-msp430_18.1.4.LTS\lib\</path>
         <kind>archive</kind>
         <file>rts430x_lc_rd_eabi.lib</file>
         <name>strstr.c.obj</name>
      </input_file>
      <input_file id="fl-b0">
         <path>C:\ti\ccsv8\tools\compiler\ti-cgt-msp430_18.1.4.LTS\lib\</path>
         <kind>archive</kind>
         <file>rts430x_lc_rd_eabi.lib</file>
         <name>strtok.c.obj</name>
      </input_file>
      <input_file id="fl-b1">
         <path>C:\ti\ccsv8\tools\compiler\ti-cgt-msp430_18.1.4.LTS\lib\</path>
         <kind>archive</kind>
         <file>rts430x_lc_rd_eabi.lib</file>
         <name>strcspn.c.obj</name>
      </input_file>
      <input_file id="fl-b2">
         <path>C:\ti\ccsv8\tools\compiler\ti-cgt-msp430_18.1.4.LTS\lib\</path>
         <kind>archive</kind>
         <file>rts430x_lc_rd_eabi.lib</file>
         <name>strspn.c.obj</name>
      </input_file>
      <input_file id="fl-b3">
         <path>C:\ti\ccsv8\tools\compiler\ti-cgt-msp430_18.1.4.LTS\lib\</path>
         <kind>archive</kind>
         <file>rts430x_lc_rd_eabi.lib</file>
         <name>toupper.c.obj</name>
      </input_file>
      <input_file id="fl-b4">
         <path>C:\ti\ccsv8\tools\compiler\ti-cgt-msp430_18.1.4.LTS\lib\</path>
         <kind>archive</kind>
         <file>rts430x_lc_rd_eabi.lib</file>
         <name>wcslen.c.obj</name>
      </input_file>
   </input_file_list>
   <object_component_list>
      <object_component id="oc-674">
         <name>.TI.persistent:ConnectCallBuffer</name>
         <load_address>0x4400</load_address>
         <run_address>0x4400</run_address>
         <size>0x200</size>
         <input_file_ref idref="fl-d"/>
      </object_component>
      <object_component id="oc-48a">
         <name>.TI.persistent:GSM_Buffer</name>
         <load_address>0x4600</load_address>
         <run_address>0x4600</run_address>
         <size>0x200</size>
         <input_file_ref idref="fl-13"/>
      </object_component>
      <object_component id="oc-6c9">
         <name>.TI.persistent:Mqtt_Com_Buf</name>
         <load_address>0x4800</load_address>
         <run_address>0x4800</run_address>
         <size>0x200</size>
         <input_file_ref idref="fl-10"/>
      </object_component>
      <object_component id="oc-829">
         <name>.TI.persistent:Serialised_Buffer</name>
         <load_address>0x4a00</load_address>
         <run_address>0x4a00</run_address>
         <size>0x200</size>
         <input_file_ref idref="fl-10"/>
      </object_component>
      <object_component id="oc-67d">
         <name>.TI.persistent:APP_Com_Buf</name>
         <load_address>0x4c00</load_address>
         <run_address>0x4c00</run_address>
         <size>0x64</size>
         <input_file_ref idref="fl-d"/>
      </object_component>
      <object_component id="oc-9a3">
         <name>.TI.persistent:Common_Buffer_G</name>
         <load_address>0x4c64</load_address>
         <run_address>0x4c64</run_address>
         <size>0x64</size>
         <input_file_ref idref="fl-e"/>
      </object_component>
      <object_component id="oc-568">
         <name>.TI.persistent:main_Com_Buf</name>
         <load_address>0x4cc8</load_address>
         <run_address>0x4cc8</run_address>
         <size>0x64</size>
         <input_file_ref idref="fl-2"/>
      </object_component>
      <object_component id="oc-52c">
         <name>.TI.persistent</name>
         <load_address>0x4d2c</load_address>
         <run_address>0x4d2c</run_address>
         <size>0x8</size>
         <input_file_ref idref="fl-2"/>
      </object_component>
      <object_component id="oc-651">
         <name>.TI.persistent</name>
         <load_address>0x4d34</load_address>
         <run_address>0x4d34</run_address>
         <size>0x1</size>
         <input_file_ref idref="fl-d"/>
      </object_component>
      <object_component id="oc-3c7">
         <name>.sysmem</name>
         <load_address>0x4d38</load_address>
         <run_address>0x4d38</run_address>
         <size>0x6</size>
         <input_file_ref idref="fl-85"/>
      </object_component>
      <object_component id="oc-b1a">
         <name>.sysmem</name>
         <load_address>0x4d38</load_address>
         <run_address>0x4d38</run_address>
         <size>0x0</size>
      </object_component>
      <object_component id="oc-b18">
         <name>.cinit..data.load</name>
         <load_address>0x5e46</load_address>
         <run_address>0x5e46</run_address>
         <size>0x39</size>
      </object_component>
      <object_component id="oc-b15">
         <name>__TI_handler_table</name>
         <load_address>0x5e80</load_address>
         <run_address>0x5e80</run_address>
         <size>0xc</size>
      </object_component>
      <object_component id="oc-b17">
         <name>.cinit..bss.load</name>
         <load_address>0x5e8c</load_address>
         <run_address>0x5e8c</run_address>
         <size>0x6</size>
      </object_component>
      <object_component id="oc-b16">
         <name>__TI_cinit_table</name>
         <load_address>0x5e92</load_address>
         <run_address>0x5e92</run_address>
         <size>0x10</size>
      </object_component>
      <object_component id="oc-aa6">
         <name>.binit</name>
         <load_address>0x4400</load_address>
         <run_address>0x4400</run_address>
         <size>0x0</size>
      </object_component>
      <object_component id="oc-68d">
         <name>.const:.string</name>
         <load_address>0x5694</load_address>
         <run_address>0x5694</run_address>
         <size>0x302</size>
         <input_file_ref idref="fl-e"/>
      </object_component>
      <object_component id="oc-8c7">
         <name>.const:.string:_ctypes_</name>
         <load_address>0x5996</load_address>
         <run_address>0x5996</run_address>
         <size>0x101</size>
         <input_file_ref idref="fl-84"/>
      </object_component>
      <object_component id="oc-717">
         <name>.const:.string</name>
         <load_address>0x5a98</load_address>
         <run_address>0x5a98</run_address>
         <size>0xd8</size>
         <input_file_ref idref="fl-11"/>
      </object_component>
      <object_component id="oc-626">
         <name>.const:.string</name>
         <load_address>0x5b70</load_address>
         <run_address>0x5b70</run_address>
         <size>0xc0</size>
         <input_file_ref idref="fl-d"/>
      </object_component>
      <object_component id="oc-6cc">
         <name>.const:.string</name>
         <load_address>0x5c30</load_address>
         <run_address>0x5c30</run_address>
         <size>0xbc</size>
         <input_file_ref idref="fl-10"/>
      </object_component>
      <object_component id="oc-494">
         <name>.const:.string</name>
         <load_address>0x5cec</load_address>
         <run_address>0x5cec</run_address>
         <size>0x5a</size>
         <input_file_ref idref="fl-f"/>
      </object_component>
      <object_component id="oc-571">
         <name>.const:.string</name>
         <load_address>0x5d46</load_address>
         <run_address>0x5d46</run_address>
         <size>0x40</size>
         <input_file_ref idref="fl-2"/>
      </object_component>
      <object_component id="oc-7aa">
         <name>.const:.string</name>
         <load_address>0x5d86</load_address>
         <run_address>0x5d86</run_address>
         <size>0x34</size>
         <input_file_ref idref="fl-13"/>
      </object_component>
      <object_component id="oc-7a2">
         <name>.const:GPIO_PORT_TO_BASE</name>
         <load_address>0x5dba</load_address>
         <run_address>0x5dba</run_address>
         <size>0x1c</size>
         <input_file_ref idref="fl-24"/>
      </object_component>
      <object_component id="oc-7eb">
         <name>.const:$P$T0$1</name>
         <load_address>0x5dd6</load_address>
         <run_address>0x5dd6</run_address>
         <size>0xe</size>
         <input_file_ref idref="fl-12"/>
      </object_component>
      <object_component id="oc-7ef">
         <name>.const:$P$T1$2</name>
         <load_address>0x5de4</load_address>
         <run_address>0x5de4</run_address>
         <size>0xe</size>
         <input_file_ref idref="fl-12"/>
      </object_component>
      <object_component id="oc-7da">
         <name>.const:$P$T2$3</name>
         <load_address>0x5df2</load_address>
         <run_address>0x5df2</run_address>
         <size>0xe</size>
         <input_file_ref idref="fl-12"/>
      </object_component>
      <object_component id="oc-9b5">
         <name>.const:.string</name>
         <load_address>0x5e00</load_address>
         <run_address>0x5e00</run_address>
         <size>0xe</size>
         <input_file_ref idref="fl-3"/>
      </object_component>
      <object_component id="oc-899">
         <name>.const:$P$T0$1</name>
         <load_address>0x5e0e</load_address>
         <run_address>0x5e0e</run_address>
         <size>0xa</size>
         <input_file_ref idref="fl-10"/>
      </object_component>
      <object_component id="oc-780">
         <name>.const:$P$T0$1</name>
         <load_address>0x5e18</load_address>
         <run_address>0x5e18</run_address>
         <size>0x8</size>
         <input_file_ref idref="fl-f"/>
      </object_component>
      <object_component id="oc-7ca">
         <name>.const:$P$T0$1</name>
         <load_address>0x5e20</load_address>
         <run_address>0x5e20</run_address>
         <size>0x8</size>
         <input_file_ref idref="fl-15"/>
      </object_component>
      <object_component id="oc-801">
         <name>.const:.string:SPI_DisableProtection</name>
         <load_address>0x5e28</load_address>
         <run_address>0x5e28</run_address>
         <size>0x4</size>
         <input_file_ref idref="fl-11"/>
      </object_component>
      <object_component id="oc-7f8">
         <name>.const:.string:SPI_Powerof2</name>
         <load_address>0x5e2c</load_address>
         <run_address>0x5e2c</run_address>
         <size>0x4</size>
         <input_file_ref idref="fl-11"/>
      </object_component>
      <object_component id="oc-9a9">
         <name>.const:$P$T0$1</name>
         <load_address>0x5e30</load_address>
         <run_address>0x5e30</run_address>
         <size>0x2</size>
         <input_file_ref idref="fl-3"/>
      </object_component>
      <object_component id="oc-9e1">
         <name>.const:$P$T0$1</name>
         <load_address>0x5e32</load_address>
         <run_address>0x5e32</run_address>
         <size>0x2</size>
         <input_file_ref idref="fl-5"/>
      </object_component>
      <object_component id="oc-940">
         <name>.const:$P$T0$1</name>
         <load_address>0x5e34</load_address>
         <run_address>0x5e34</run_address>
         <size>0x2</size>
         <input_file_ref idref="fl-8"/>
      </object_component>
      <object_component id="oc-994">
         <name>.const:$P$T0$1</name>
         <load_address>0x5e36</load_address>
         <run_address>0x5e36</run_address>
         <size>0x2</size>
         <input_file_ref idref="fl-9"/>
      </object_component>
      <object_component id="oc-9ac">
         <name>.const:$P$T1$2</name>
         <load_address>0x5e38</load_address>
         <run_address>0x5e38</run_address>
         <size>0x2</size>
         <input_file_ref idref="fl-3"/>
      </object_component>
      <object_component id="oc-88c">
         <name>.const:$P$T1$2</name>
         <load_address>0x5e3a</load_address>
         <run_address>0x5e3a</run_address>
         <size>0x2</size>
         <input_file_ref idref="fl-5"/>
      </object_component>
      <object_component id="oc-a74">
         <name>.const:$P$T1$2</name>
         <load_address>0x5e3c</load_address>
         <run_address>0x5e3c</run_address>
         <size>0x2</size>
         <input_file_ref idref="fl-8"/>
      </object_component>
      <object_component id="oc-875">
         <name>.const:$P$T1$2</name>
         <load_address>0x5e3e</load_address>
         <run_address>0x5e3e</run_address>
         <size>0x2</size>
         <input_file_ref idref="fl-9"/>
      </object_component>
      <object_component id="oc-891">
         <name>.const:$P$T2$3</name>
         <load_address>0x5e40</load_address>
         <run_address>0x5e40</run_address>
         <size>0x2</size>
         <input_file_ref idref="fl-3"/>
      </object_component>
      <object_component id="oc-894">
         <name>.const:$P$T3$4</name>
         <load_address>0x5e42</load_address>
         <run_address>0x5e42</run_address>
         <size>0x2</size>
         <input_file_ref idref="fl-3"/>
      </object_component>
      <object_component id="oc-804">
         <name>.const:.string:SPI_Manf_ID</name>
         <load_address>0x5e44</load_address>
         <run_address>0x5e44</run_address>
         <size>0x1</size>
         <input_file_ref idref="fl-11"/>
      </object_component>
      <object_component id="oc-40b">
         <name>.text:_isr:SYSNMI_ISR</name>
         <load_address>0x5400</load_address>
         <run_address>0x5400</run_address>
         <size>0x40</size>
         <input_file_ref idref="fl-f"/>
      </object_component>
      <object_component id="oc-3f9">
         <name>.text:_isr:GSM_UART</name>
         <load_address>0x5440</load_address>
         <run_address>0x5440</run_address>
         <size>0x38</size>
         <input_file_ref idref="fl-13"/>
      </object_component>
      <object_component id="oc-3e7">
         <name>.text:_isr:RTC_ISR</name>
         <load_address>0x5478</load_address>
         <run_address>0x5478</run_address>
         <size>0x2e</size>
         <input_file_ref idref="fl-15"/>
      </object_component>
      <object_component id="oc-3ff">
         <name>.text:_isr:TIMER_A0_isr</name>
         <load_address>0x54a6</load_address>
         <run_address>0x54a6</run_address>
         <size>0x2e</size>
         <input_file_ref idref="fl-12"/>
      </object_component>
      <object_component id="oc-3f3">
         <name>.text:_isr:TIMER_A1_isr</name>
         <load_address>0x54d4</load_address>
         <run_address>0x54d4</run_address>
         <size>0x24</size>
         <input_file_ref idref="fl-12"/>
      </object_component>
      <object_component id="oc-3ed">
         <name>.text:_isr:TIMER_A2_isr</name>
         <load_address>0x54f8</load_address>
         <run_address>0x54f8</run_address>
         <size>0x20</size>
         <input_file_ref idref="fl-12"/>
      </object_component>
      <object_component id="oc-43b">
         <name>.text:_isr:_c_int00_noargs_mpu</name>
         <load_address>0x5518</load_address>
         <run_address>0x5518</run_address>
         <size>0x20</size>
         <input_file_ref idref="fl-7d"/>
      </object_component>
      <object_component id="oc-405">
         <name>.text:_isr:USCI_A0_ISR</name>
         <load_address>0x5538</load_address>
         <run_address>0x5538</run_address>
         <size>0xe</size>
         <input_file_ref idref="fl-13"/>
      </object_component>
      <object_component id="oc-3e2">
         <name>.text:_isr:__TI_ISR_TRAP</name>
         <load_address>0x5546</load_address>
         <run_address>0x5546</run_address>
         <size>0x8</size>
         <input_file_ref idref="fl-5c"/>
      </object_component>
      <object_component id="oc-3d5">
         <name>.text:memcpy</name>
         <load_address>0x554e</load_address>
         <run_address>0x554e</run_address>
         <size>0x14</size>
         <input_file_ref idref="fl-8d"/>
      </object_component>
      <object_component id="oc-761">
         <name>.text:CS_setExternalClockSource</name>
         <load_address>0x5562</load_address>
         <run_address>0x5562</run_address>
         <size>0x12</size>
         <input_file_ref idref="fl-1b"/>
      </object_component>
      <object_component id="oc-795">
         <name>.text:MPU_enableNMIevent</name>
         <load_address>0x5574</load_address>
         <run_address>0x5574</run_address>
         <size>0x12</size>
         <input_file_ref idref="fl-26"/>
      </object_component>
      <object_component id="oc-79b">
         <name>.text:MPU_start</name>
         <load_address>0x5586</load_address>
         <run_address>0x5586</run_address>
         <size>0x12</size>
         <input_file_ref idref="fl-26"/>
      </object_component>
      <object_component id="oc-8ae">
         <name>.text:MQTTSerialize_puback</name>
         <load_address>0x5598</load_address>
         <run_address>0x5598</run_address>
         <size>0x12</size>
         <input_file_ref idref="fl-8"/>
      </object_component>
      <object_component id="oc-556">
         <name>.text:Stop_GSM_MaxTimer</name>
         <load_address>0x55aa</load_address>
         <run_address>0x55aa</run_address>
         <size>0x12</size>
         <input_file_ref idref="fl-12"/>
      </object_component>
      <object_component id="oc-7c">
         <name>.text:decompress:none:__TI_decompress_none</name>
         <load_address>0x55bc</load_address>
         <run_address>0x55bc</run_address>
         <size>0x12</size>
         <input_file_ref idref="fl-5a"/>
      </object_component>
      <object_component id="oc-572">
         <name>.text:strcpy</name>
         <load_address>0x55ce</load_address>
         <run_address>0x55ce</run_address>
         <size>0x12</size>
         <input_file_ref idref="fl-aa"/>
      </object_component>
      <object_component id="oc-49b">
         <name>.text:PMM_trigBOR</name>
         <load_address>0x55e0</load_address>
         <run_address>0x55e0</run_address>
         <size>0x10</size>
         <input_file_ref idref="fl-28"/>
      </object_component>
      <object_component id="oc-87e">
         <name>.text:MQTTPacket_decodeBuf</name>
         <load_address>0x55f0</load_address>
         <run_address>0x55f0</run_address>
         <size>0xe</size>
         <input_file_ref idref="fl-7"/>
      </object_component>
      <object_component id="oc-476">
         <name>.text:Tx_Uart0_Char</name>
         <load_address>0x55fe</load_address>
         <run_address>0x55fe</run_address>
         <size>0xe</size>
         <input_file_ref idref="fl-13"/>
      </object_component>
      <object_component id="oc-51b">
         <name>.text:Tx_Uart1_Char</name>
         <load_address>0x560c</load_address>
         <run_address>0x560c</run_address>
         <size>0xe</size>
         <input_file_ref idref="fl-13"/>
      </object_component>
      <object_component id="oc-878">
         <name>.text:readChar</name>
         <load_address>0x561a</load_address>
         <run_address>0x561a</run_address>
         <size>0xe</size>
         <input_file_ref idref="fl-7"/>
      </object_component>
      <object_component id="oc-58d">
         <name>.text:strlen</name>
         <load_address>0x5628</load_address>
         <run_address>0x5628</run_address>
         <size>0xe</size>
         <input_file_ref idref="fl-ab"/>
      </object_component>
      <object_component id="oc-94f">
         <name>.text:writeChar</name>
         <load_address>0x5636</load_address>
         <run_address>0x5636</run_address>
         <size>0xe</size>
         <input_file_ref idref="fl-7"/>
      </object_component>
      <object_component id="oc-7ac">
         <name>.text:RTC_B_holdClock</name>
         <load_address>0x5644</load_address>
         <run_address>0x5644</run_address>
         <size>0xc</size>
         <input_file_ref idref="fl-2b"/>
      </object_component>
      <object_component id="oc-7b8">
         <name>.text:RTC_B_setCalendarEvent</name>
         <load_address>0x5650</load_address>
         <run_address>0x5650</run_address>
         <size>0xc</size>
         <input_file_ref idref="fl-2b"/>
      </object_component>
      <object_component id="oc-7d3">
         <name>.text:RTC_B_startClock</name>
         <load_address>0x565c</load_address>
         <run_address>0x565c</run_address>
         <size>0xc</size>
         <input_file_ref idref="fl-2b"/>
      </object_component>
      <object_component id="oc-703">
         <name>.text:abs</name>
         <load_address>0x5668</load_address>
         <run_address>0x5668</run_address>
         <size>0xa</size>
         <input_file_ref idref="fl-8b"/>
      </object_component>
      <object_component id="oc-6ba">
         <name>.text:Timer_A_stop</name>
         <load_address>0x5672</load_address>
         <run_address>0x5672</run_address>
         <size>0x8</size>
         <input_file_ref idref="fl-2f"/>
      </object_component>
      <object_component id="oc-7e3">
         <name>.text:Timer_A_clear</name>
         <load_address>0x567a</load_address>
         <run_address>0x567a</run_address>
         <size>0x6</size>
         <input_file_ref idref="fl-2f"/>
      </object_component>
      <object_component id="oc-6c0">
         <name>.text:Timer_A_startCounter</name>
         <load_address>0x5680</load_address>
         <run_address>0x5680</run_address>
         <size>0x6</size>
         <input_file_ref idref="fl-2f"/>
      </object_component>
      <object_component id="oc-5a6">
         <name>.text:abort</name>
         <load_address>0x5686</load_address>
         <run_address>0x5686</run_address>
         <size>0x6</size>
         <input_file_ref idref="fl-88"/>
      </object_component>
      <object_component id="oc-4aa">
         <name>.text:_system_pre_init</name>
         <load_address>0x568c</load_address>
         <run_address>0x568c</run_address>
         <size>0x4</size>
         <input_file_ref idref="fl-82"/>
      </object_component>
      <object_component id="oc-8e3">
         <name>.text:_nop</name>
         <load_address>0x5690</load_address>
         <run_address>0x5690</run_address>
         <size>0x2</size>
         <input_file_ref idref="fl-86"/>
      </object_component>
      <object_component id="oc-739">
         <name>.text:_system_post_cinit</name>
         <load_address>0x5692</load_address>
         <run_address>0x5692</run_address>
         <size>0x2</size>
         <input_file_ref idref="fl-81"/>
      </object_component>
      <object_component id="oc-845">
         <name>.text:ProcessGSMResp</name>
         <load_address>0x10000</load_address>
         <run_address>0x10000</run_address>
         <size>0x6a2</size>
         <input_file_ref idref="fl-e"/>
      </object_component>
      <object_component id="oc-562">
         <name>.text:Proccess_Unsolicated_Response</name>
         <load_address>0x106a2</load_address>
         <run_address>0x106a2</run_address>
         <size>0x2a2</size>
         <input_file_ref idref="fl-10"/>
      </object_component>
      <object_component id="oc-59f">
         <name>.text:Init_GSM</name>
         <load_address>0x10944</load_address>
         <run_address>0x10944</run_address>
         <size>0x224</size>
         <input_file_ref idref="fl-e"/>
      </object_component>
      <object_component id="oc-4b0">
         <name>.text:main</name>
         <load_address>0x10b68</load_address>
         <run_address>0x10b68</run_address>
         <size>0x206</size>
         <input_file_ref idref="fl-2"/>
      </object_component>
      <object_component id="oc-6e9">
         <name>.text:Process_SubcribeMsg</name>
         <load_address>0x10d6e</load_address>
         <run_address>0x10d6e</run_address>
         <size>0x1b2</size>
         <input_file_ref idref="fl-10"/>
      </object_component>
      <object_component id="oc-783">
         <name>.text:MPU_initThreeSegments</name>
         <load_address>0x10f20</load_address>
         <run_address>0x10f20</run_address>
         <size>0x1a0</size>
         <input_file_ref idref="fl-26"/>
      </object_component>
      <object_component id="oc-85c">
         <name>.text:MQTTSerialize_connect</name>
         <load_address>0x110c0</load_address>
         <run_address>0x110c0</run_address>
         <size>0x19e</size>
         <input_file_ref idref="fl-3"/>
      </object_component>
      <object_component id="oc-620">
         <name>.text:Init_Uart</name>
         <load_address>0x1125e</load_address>
         <run_address>0x1125e</run_address>
         <size>0x19c</size>
         <input_file_ref idref="fl-13"/>
      </object_component>
      <object_component id="oc-593">
         <name>.text:Insert_into_flash</name>
         <load_address>0x113fa</load_address>
         <run_address>0x113fa</run_address>
         <size>0x184</size>
         <input_file_ref idref="fl-11"/>
      </object_component>
      <object_component id="oc-853">
         <name>.text:SATRT_TCP_UDP_SSL_CONNECTION</name>
         <load_address>0x1157e</load_address>
         <run_address>0x1157e</run_address>
         <size>0x15e</size>
         <input_file_ref idref="fl-e"/>
      </object_component>
      <object_component id="oc-832">
         <name>.text:MQTTSendPacket</name>
         <load_address>0x116dc</load_address>
         <run_address>0x116dc</run_address>
         <size>0x140</size>
         <input_file_ref idref="fl-10"/>
      </object_component>
      <object_component id="oc-526">
         <name>.text:Init_Device</name>
         <load_address>0x1181c</load_address>
         <run_address>0x1181c</run_address>
         <size>0x138</size>
         <input_file_ref idref="fl-d"/>
      </object_component>
      <object_component id="oc-532">
         <name>.text:Send_Data_to_Cloud</name>
         <load_address>0x11954</load_address>
         <run_address>0x11954</run_address>
         <size>0x126</size>
         <input_file_ref idref="fl-d"/>
      </object_component>
      <object_component id="oc-710">
         <name>.text:SPI_ModifyWrite_Flash</name>
         <load_address>0x11a7a</load_address>
         <run_address>0x11a7a</run_address>
         <size>0x114</size>
         <input_file_ref idref="fl-11"/>
      </object_component>
      <object_component id="oc-8b5">
         <name>.text:TCP_SEND</name>
         <load_address>0x11b8e</load_address>
         <run_address>0x11b8e</run_address>
         <size>0xf4</size>
         <input_file_ref idref="fl-e"/>
      </object_component>
      <object_component id="oc-53e">
         <name>.text:Connect_To_Broker</name>
         <load_address>0x11c82</load_address>
         <run_address>0x11c82</run_address>
         <size>0xee</size>
         <input_file_ref idref="fl-d"/>
      </object_component>
      <object_component id="oc-82c">
         <name>.text:MQTTSerialize_publish</name>
         <load_address>0x11d70</load_address>
         <run_address>0x11d70</run_address>
         <size>0xe8</size>
         <input_file_ref idref="fl-8"/>
      </object_component>
      <object_component id="oc-89c">
         <name>.text:MQTTDeserialize_publish</name>
         <load_address>0x11e58</load_address>
         <run_address>0x11e58</run_address>
         <size>0xe0</size>
         <input_file_ref idref="fl-5"/>
      </object_component>
      <object_component id="oc-838">
         <name>.text:Mqtt_return_value</name>
         <load_address>0x11f38</load_address>
         <run_address>0x11f38</run_address>
         <size>0xde</size>
         <input_file_ref idref="fl-10"/>
      </object_component>
      <object_component id="oc-84c">
         <name>.text:MQTTSerialize_subscribe</name>
         <load_address>0x12016</load_address>
         <run_address>0x12016</run_address>
         <size>0xd0</size>
         <input_file_ref idref="fl-9"/>
      </object_component>
      <object_component id="oc-54a">
         <name>.text:Check_network</name>
         <load_address>0x120e6</load_address>
         <run_address>0x120e6</run_address>
         <size>0xcc</size>
         <input_file_ref idref="fl-e"/>
      </object_component>
      <object_component id="oc-69c">
         <name>.text:Mqtt_Connection_Established</name>
         <load_address>0x121b2</load_address>
         <run_address>0x121b2</run_address>
         <size>0xc2</size>
         <input_file_ref idref="fl-10"/>
      </object_component>
      <object_component id="oc-6ac">
         <name>.text:Init_Tcp</name>
         <load_address>0x12274</load_address>
         <run_address>0x12274</run_address>
         <size>0xbc</size>
         <input_file_ref idref="fl-e"/>
      </object_component>
      <object_component id="oc-6d6">
         <name>.text:MQTTDeserialize_suback</name>
         <load_address>0x12330</load_address>
         <run_address>0x12330</run_address>
         <size>0xbc</size>
         <input_file_ref idref="fl-9"/>
      </object_component>
      <object_component id="oc-a47">
         <name>.text:malloc</name>
         <load_address>0x123ec</load_address>
         <run_address>0x123ec</run_address>
         <size>0xbc</size>
         <input_file_ref idref="fl-85"/>
      </object_component>
      <object_component id="oc-696">
         <name>.text:Subscribe</name>
         <load_address>0x124a8</load_address>
         <run_address>0x124a8</run_address>
         <size>0xb2</size>
         <input_file_ref idref="fl-10"/>
      </object_component>
      <object_component id="oc-627">
         <name>.text:Init_RTC</name>
         <load_address>0x1255a</load_address>
         <run_address>0x1255a</run_address>
         <size>0xa6</size>
         <input_file_ref idref="fl-15"/>
      </object_component>
      <object_component id="oc-686">
         <name>.text:Publish</name>
         <load_address>0x12600</load_address>
         <run_address>0x12600</run_address>
         <size>0xa6</size>
         <input_file_ref idref="fl-10"/>
      </object_component>
      <object_component id="oc-6a6">
         <name>.text:Init_HTTP</name>
         <load_address>0x126a6</load_address>
         <run_address>0x126a6</run_address>
         <size>0xa2</size>
         <input_file_ref idref="fl-e"/>
      </object_component>
      <object_component id="oc-987">
         <name>.text:SPI_CheckAndWriteIntoFlash</name>
         <load_address>0x12748</load_address>
         <run_address>0x12748</run_address>
         <size>0x9e</size>
         <input_file_ref idref="fl-11"/>
      </object_component>
      <object_component id="oc-6e3">
         <name>.text:MQTTDeserialize_connack</name>
         <load_address>0x127e6</load_address>
         <run_address>0x127e6</run_address>
         <size>0x98</size>
         <input_file_ref idref="fl-3"/>
      </object_component>
      <object_component id="oc-680">
         <name>.text:Increment_CloudSendAddress</name>
         <load_address>0x1287e</load_address>
         <run_address>0x1287e</run_address>
         <size>0x96</size>
         <input_file_ref idref="fl-11"/>
      </object_component>
      <object_component id="oc-9af">
         <name>.text:MQTTSerialize_connectLength</name>
         <load_address>0x12914</load_address>
         <run_address>0x12914</run_address>
         <size>0x92</size>
         <input_file_ref idref="fl-3"/>
      </object_component>
      <object_component id="oc-98d">
         <name>.text:free</name>
         <load_address>0x129a6</load_address>
         <run_address>0x129a6</run_address>
         <size>0x8e</size>
         <input_file_ref idref="fl-85"/>
      </object_component>
      <object_component id="oc-76d">
         <name>.text:CS_turnOnHFXT</name>
         <load_address>0x12a34</load_address>
         <run_address>0x12a34</run_address>
         <size>0x88</size>
         <input_file_ref idref="fl-1b"/>
      </object_component>
      <object_component id="oc-9ef">
         <name>.text:MQTTSerialize_ack</name>
         <load_address>0x12abc</load_address>
         <run_address>0x12abc</run_address>
         <size>0x82</size>
         <input_file_ref idref="fl-8"/>
      </object_component>
      <object_component id="oc-5f6">
         <name>.text:Init_Clock</name>
         <load_address>0x12b3e</load_address>
         <run_address>0x12b3e</run_address>
         <size>0x80</size>
         <input_file_ref idref="fl-14"/>
      </object_component>
      <object_component id="oc-645">
         <name>.text:SPI_Init</name>
         <load_address>0x12bbe</load_address>
         <run_address>0x12bbe</run_address>
         <size>0x80</size>
         <input_file_ref idref="fl-11"/>
      </object_component>
      <object_component id="oc-57b">
         <name>.text:ltoa</name>
         <load_address>0x12c3e</load_address>
         <run_address>0x12c3e</run_address>
         <size>0x80</size>
         <input_file_ref idref="fl-8a"/>
      </object_component>
      <object_component id="oc-6dd">
         <name>.text:MQTTDeserialize_ack</name>
         <load_address>0x12cbe</load_address>
         <run_address>0x12cbe</run_address>
         <size>0x7e</size>
         <input_file_ref idref="fl-5"/>
      </object_component>
      <object_component id="oc-7dd">
         <name>.text:Timer_A_initUpMode</name>
         <load_address>0x12d3c</load_address>
         <run_address>0x12d3c</run_address>
         <size>0x7c</size>
         <input_file_ref idref="fl-2f"/>
      </object_component>
      <object_component id="oc-68e">
         <name>.text:SendATCmd</name>
         <load_address>0x12db8</load_address>
         <run_address>0x12db8</run_address>
         <size>0x7a</size>
         <input_file_ref idref="fl-e"/>
      </object_component>
      <object_component id="oc-544">
         <name>.text:Init_Http_TCP</name>
         <load_address>0x12e32</load_address>
         <run_address>0x12e32</run_address>
         <size>0x76</size>
         <input_file_ref idref="fl-e"/>
      </object_component>
      <object_component id="oc-76">
         <name>.text:decompress:lzss:__TI_decompress_lzss</name>
         <load_address>0x12ea8</load_address>
         <run_address>0x12ea8</run_address>
         <size>0x76</size>
         <input_file_ref idref="fl-59"/>
      </object_component>
      <object_component id="oc-677">
         <name>.text:Read_from_flash</name>
         <load_address>0x12f1e</load_address>
         <run_address>0x12f1e</run_address>
         <size>0x74</size>
         <input_file_ref idref="fl-11"/>
      </object_component>
      <object_component id="oc-75b">
         <name>.text:GPIO_setAsPeripheralModuleFunctionInputPin</name>
         <load_address>0x12f92</load_address>
         <run_address>0x12f92</run_address>
         <size>0x72</size>
         <input_file_ref idref="fl-24"/>
      </object_component>
      <object_component id="oc-5fc">
         <name>.text:Init_MPU</name>
         <load_address>0x13004</load_address>
         <run_address>0x13004</run_address>
         <size>0x70</size>
         <input_file_ref idref="fl-f"/>
      </object_component>
      <object_component id="oc-779">
         <name>.text:CS_initClockSignal</name>
         <load_address>0x13074</load_address>
         <run_address>0x13074</run_address>
         <size>0x6a</size>
         <input_file_ref idref="fl-1b"/>
      </object_component>
      <object_component id="oc-8d8">
         <name>.text:SPI_Modify_MultipleContinuouseWrite</name>
         <load_address>0x130de</load_address>
         <run_address>0x130de</run_address>
         <size>0x6a</size>
         <input_file_ref idref="fl-11"/>
      </object_component>
      <object_component id="oc-7cd">
         <name>.text:RTC_B_initCalendar</name>
         <load_address>0x13148</load_address>
         <run_address>0x13148</run_address>
         <size>0x68</size>
         <input_file_ref idref="fl-2b"/>
      </object_component>
      <object_component id="oc-599">
         <name>.text:SPI_MultipleContinuouseRead</name>
         <load_address>0x131b0</load_address>
         <run_address>0x131b0</run_address>
         <size>0x68</size>
         <input_file_ref idref="fl-11"/>
      </object_component>
      <object_component id="oc-64b">
         <name>.text:TurnOn_GSM</name>
         <load_address>0x13218</load_address>
         <run_address>0x13218</run_address>
         <size>0x66</size>
         <input_file_ref idref="fl-e"/>
      </object_component>
      <object_component id="oc-95b">
         <name>.text:writeMQTTString</name>
         <load_address>0x1327e</load_address>
         <run_address>0x1327e</run_address>
         <size>0x64</size>
         <input_file_ref idref="fl-7"/>
      </object_component>
      <object_component id="oc-6b2">
         <name>.text:Check_Return_Value</name>
         <load_address>0x132e2</load_address>
         <run_address>0x132e2</run_address>
         <size>0x62</size>
         <input_file_ref idref="fl-e"/>
      </object_component>
      <object_component id="oc-6ef">
         <name>.text:atoi</name>
         <load_address>0x13344</load_address>
         <run_address>0x13344</run_address>
         <size>0x62</size>
         <input_file_ref idref="fl-83"/>
      </object_component>
      <object_component id="oc-7f3">
         <name>.text</name>
         <load_address>0x133a6</load_address>
         <run_address>0x133a6</run_address>
         <size>0x58</size>
         <input_file_ref idref="fl-72"/>
      </object_component>
      <object_component id="oc-5ca">
         <name>.text:__TI_auto_init_nobinit_nopinit_hold_wdt:__TI_auto_init_nobinit_nopinit_hold_wdt</name>
         <load_address>0x133fe</load_address>
         <run_address>0x133fe</run_address>
         <size>0x54</size>
         <input_file_ref idref="fl-80"/>
      </object_component>
      <object_component id="oc-96f">
         <name>.text:strtok</name>
         <load_address>0x13452</load_address>
         <run_address>0x13452</run_address>
         <size>0x54</size>
         <input_file_ref idref="fl-b0"/>
      </object_component>
      <object_component id="oc-9e4">
         <name>.text:readMQTTLenString</name>
         <load_address>0x134a6</load_address>
         <run_address>0x134a6</run_address>
         <size>0x4c</size>
         <input_file_ref idref="fl-7"/>
      </object_component>
      <object_component id="oc-639">
         <name>.text:Init_GSM_RespTimer</name>
         <load_address>0x134f2</load_address>
         <run_address>0x134f2</run_address>
         <size>0x4a</size>
         <input_file_ref idref="fl-12"/>
      </object_component>
      <object_component id="oc-63f">
         <name>.text:Init_GSM_MaxTimer</name>
         <load_address>0x1353c</load_address>
         <run_address>0x1353c</run_address>
         <size>0x48</size>
         <input_file_ref idref="fl-12"/>
      </object_component>
      <object_component id="oc-62d">
         <name>.text:Init_Wait_timer</name>
         <load_address>0x13584</load_address>
         <run_address>0x13584</run_address>
         <size>0x48</size>
         <input_file_ref idref="fl-12"/>
      </object_component>
      <object_component id="oc-997">
         <name>.text:MQTTSerialize_subscribeLength</name>
         <load_address>0x135cc</load_address>
         <run_address>0x135cc</run_address>
         <size>0x48</size>
         <input_file_ref idref="fl-9"/>
      </object_component>
      <object_component id="oc-862">
         <name>.text:TCPConnection_Status</name>
         <load_address>0x13614</load_address>
         <run_address>0x13614</run_address>
         <size>0x48</size>
         <input_file_ref idref="fl-e"/>
      </object_component>
      <object_component id="oc-9cb">
         <name>.text:MQTTPacket_decode</name>
         <load_address>0x1365c</load_address>
         <run_address>0x1365c</run_address>
         <size>0x46</size>
         <input_file_ref idref="fl-7"/>
      </object_component>
      <object_component id="oc-955">
         <name>.text:MQTTPacket_encode</name>
         <load_address>0x136a2</load_address>
         <run_address>0x136a2</run_address>
         <size>0x46</size>
         <input_file_ref idref="fl-7"/>
      </object_component>
      <object_component id="oc-7fb">
         <name>.text:SPI_Send_SingleCmd</name>
         <load_address>0x136e8</load_address>
         <run_address>0x136e8</run_address>
         <size>0x46</size>
         <input_file_ref idref="fl-11"/>
      </object_component>
      <object_component id="oc-6cd">
         <name>.text:strnstr</name>
         <load_address>0x1372e</load_address>
         <run_address>0x1372e</run_address>
         <size>0x46</size>
         <input_file_ref idref="fl-e"/>
      </object_component>
      <object_component id="oc-a91">
         <name>.text:minit</name>
         <load_address>0x13774</load_address>
         <run_address>0x13774</run_address>
         <size>0x42</size>
         <input_file_ref idref="fl-85"/>
      </object_component>
      <object_component id="oc-60e">
         <name>.text:GPIO_setAsInputPin</name>
         <load_address>0x137b6</load_address>
         <run_address>0x137b6</run_address>
         <size>0x40</size>
         <input_file_ref idref="fl-24"/>
      </object_component>
      <object_component id="oc-6fe">
         <name>.text</name>
         <load_address>0x137f6</load_address>
         <run_address>0x137f6</run_address>
         <size>0x40</size>
         <input_file_ref idref="fl-70"/>
      </object_component>
      <object_component id="oc-633">
         <name>.text:TurnOff_Gsm</name>
         <load_address>0x13836</load_address>
         <run_address>0x13836</run_address>
         <size>0x3e</size>
         <input_file_ref idref="fl-e"/>
      </object_component>
      <object_component id="oc-81b">
         <name>.text:l_asr_const</name>
         <load_address>0x13874</load_address>
         <run_address>0x13874</run_address>
         <size>0x3e</size>
         <input_file_ref idref="fl-7c"/>
      </object_component>
      <object_component id="oc-820">
         <name>.text:l_lsl_const</name>
         <load_address>0x138b2</load_address>
         <run_address>0x138b2</run_address>
         <size>0x3e</size>
         <input_file_ref idref="fl-7b"/>
      </object_component>
      <object_component id="oc-961">
         <name>.text:writeInt</name>
         <load_address>0x138f0</load_address>
         <run_address>0x138f0</run_address>
         <size>0x3e</size>
         <input_file_ref idref="fl-7"/>
      </object_component>
      <object_component id="oc-975">
         <name>.text:strstr</name>
         <load_address>0x1392e</load_address>
         <run_address>0x1392e</run_address>
         <size>0x3c</size>
         <input_file_ref idref="fl-af"/>
      </object_component>
      <object_component id="oc-97b">
         <name>.text:AsciiToBcd</name>
         <load_address>0x1396a</load_address>
         <run_address>0x1396a</run_address>
         <size>0x3a</size>
         <input_file_ref idref="fl-15"/>
      </object_component>
      <object_component id="oc-767">
         <name>.text:CS_turnOnLFXT</name>
         <load_address>0x139a4</load_address>
         <run_address>0x139a4</run_address>
         <size>0x3a</size>
         <input_file_ref idref="fl-1b"/>
      </object_component>
      <object_component id="oc-663">
         <name>.text:SPI_SingleByteWrite</name>
         <load_address>0x139de</load_address>
         <run_address>0x139de</run_address>
         <size>0x36</size>
         <input_file_ref idref="fl-11"/>
      </object_component>
      <object_component id="oc-602">
         <name>.text:GPIO_setAsOutputPin</name>
         <load_address>0x13a14</load_address>
         <run_address>0x13a14</run_address>
         <size>0x34</size>
         <input_file_ref idref="fl-24"/>
      </object_component>
      <object_component id="oc-949">
         <name>.text:MQTTPacket_len</name>
         <load_address>0x13a48</load_address>
         <run_address>0x13a48</run_address>
         <size>0x34</size>
         <input_file_ref idref="fl-7"/>
      </object_component>
      <object_component id="oc-669">
         <name>.text:SPI_SingleByteRead</name>
         <load_address>0x13a7c</load_address>
         <run_address>0x13a7c</run_address>
         <size>0x34</size>
         <input_file_ref idref="fl-11"/>
      </object_component>
      <object_component id="oc-8a2">
         <name>.text:strncpy</name>
         <load_address>0x13ab0</load_address>
         <run_address>0x13ab0</run_address>
         <size>0x32</size>
         <input_file_ref idref="fl-ae"/>
      </object_component>
      <object_component id="oc-654">
         <name>.text:wait_for_second</name>
         <load_address>0x13ae2</load_address>
         <run_address>0x13ae2</run_address>
         <size>0x30</size>
         <input_file_ref idref="fl-12"/>
      </object_component>
      <object_component id="oc-7be">
         <name>.text:RTC_B_enableInterrupt</name>
         <load_address>0x13b12</load_address>
         <run_address>0x13b12</run_address>
         <size>0x2e</size>
         <input_file_ref idref="fl-2b"/>
      </object_component>
      <object_component id="oc-65a">
         <name>.text:SPI_Erase</name>
         <load_address>0x13b40</load_address>
         <run_address>0x13b40</run_address>
         <size>0x2e</size>
         <input_file_ref idref="fl-11"/>
      </object_component>
      <object_component id="oc-8bb">
         <name>.text:strncat</name>
         <load_address>0x13b6e</load_address>
         <run_address>0x13b6e</run_address>
         <size>0x2e</size>
         <input_file_ref idref="fl-ac"/>
      </object_component>
      <object_component id="oc-9b6">
         <name>.text:writeCString</name>
         <load_address>0x13b9c</load_address>
         <run_address>0x13b9c</run_address>
         <size>0x2e</size>
         <input_file_ref idref="fl-7"/>
      </object_component>
      <object_component id="oc-943">
         <name>.text:MQTTSerialize_publishLength</name>
         <load_address>0x13bca</load_address>
         <run_address>0x13bca</run_address>
         <size>0x2c</size>
         <input_file_ref idref="fl-8"/>
      </object_component>
      <object_component id="oc-a1e">
         <name>.text:MQTTstrlen</name>
         <load_address>0x13bf6</load_address>
         <run_address>0x13bf6</run_address>
         <size>0x2c</size>
         <input_file_ref idref="fl-7"/>
      </object_component>
      <object_component id="oc-7c4">
         <name>.text:RTC_B_clearInterrupt</name>
         <load_address>0x13c22</load_address>
         <run_address>0x13c22</run_address>
         <size>0x2c</size>
         <input_file_ref idref="fl-2b"/>
      </object_component>
      <object_component id="oc-9f6">
         <name>.text:WaitExtraResp</name>
         <load_address>0x13c4e</load_address>
         <run_address>0x13c4e</run_address>
         <size>0x2c</size>
         <input_file_ref idref="fl-e"/>
      </object_component>
      <object_component id="oc-4c2">
         <name>.text:__mpu_init</name>
         <load_address>0x13c7a</load_address>
         <run_address>0x13c7a</run_address>
         <size>0x2c</size>
         <input_file_ref idref="fl-7e"/>
      </object_component>
      <object_component id="oc-981">
         <name>.text:calloc</name>
         <load_address>0x13ca6</load_address>
         <run_address>0x13ca6</run_address>
         <size>0x2c</size>
         <input_file_ref idref="fl-85"/>
      </object_component>
      <object_component id="oc-a27">
         <name>.text</name>
         <load_address>0x13cd2</load_address>
         <run_address>0x13cd2</run_address>
         <size>0x2c</size>
[...]
         <object_component_ref idref="oc-779"/>
      </symbol>
      <symbol id="sm-a61">
         <name>FRAMCtl_configureWaitStateControl</name>
         <value>0x13f64</value>
         <object_component_ref idref="oc-773"/>
      </symbol>
      <symbol id="sm-a90">
         <name>GPIO_setAsInputPin</name>
         <value>0x137b6</value>
         <object_component_ref idref="oc-60e"/>
      </symbol>
      <symbol id="sm-a91">
         <name>GPIO_setOutputHighOnPin</name>
         <value>0x13e90</value>
         <object_component_ref idref="oc-608"/>
      </symbol>
      <symbol id="sm-a92">
         <name>GPIO_setAsOutputPin</name>
         <value>0x13a14</value>
         <object_component_ref idref="oc-602"/>
      </symbol>
      <symbol id="sm-a93">
         <name>GPIO_setAsPeripheralModuleFunctionInputPin</name>
         <value>0x12f92</value>
         <object_component_ref idref="oc-75b"/>
      </symbol>
      <symbol id="sm-acb">
         <name>MPU_initThreeSegments</name>
         <value>0x10f20</value>
         <object_component_ref idref="oc-783"/>
      </symbol>
      <symbol id="sm-acc">
         <name>MPU_enableNMIevent</name>
         <value>0x5574</value>
         <object_component_ref idref="oc-795"/>
      </symbol>
      <symbol id="sm-acd">
         <name>MPU_start</name>
         <value>0x5586</value>
         <object_component_ref idref="oc-79b"/>
      </symbol>
      <symbol id="sm-ace">
         <name>MPU_clearAllInterrupts</name>
         <value>0x13d2a</value>
         <object_component_ref idref="oc-78f"/>
      </symbol>
      <symbol id="sm-acf">
         <name>MPU_disablePUCOnViolation</name>
         <value>0x13eac</value>
         <object_component_ref idref="oc-789"/>
      </symbol>
      <symbol id="sm-ae0">
         <name>PMM_unlockLPM5</name>
         <value>0x13ffa</value>
         <object_component_ref idref="oc-5f0"/>
      </symbol>
      <symbol id="sm-ae1">
         <name>PMM_trigBOR</name>
         <value>0x55e0</value>
         <object_component_ref idref="oc-49b"/>
      </symbol>
      <symbol id="sm-b1f">
         <name>RTC_B_initCalendar</name>
         <value>0x13148</value>
         <object_component_ref idref="oc-7cd"/>
      </symbol>
      <symbol id="sm-b20">
         <name>RTC_B_startClock</name>
         <value>0x565c</value>
         <object_component_ref idref="oc-7d3"/>
      </symbol>
      <symbol id="sm-b21">
         <name>RTC_B_enableInterrupt</name>
         <value>0x13b12</value>
         <object_component_ref idref="oc-7be"/>
      </symbol>
      <symbol id="sm-b22">
         <name>RTC_B_clearInterrupt</name>
         <value>0x13c22</value>
         <object_component_ref idref="oc-7c4"/>
      </symbol>
      <symbol id="sm-b23">
         <name>RTC_B_holdClock</name>
         <value>0x5644</value>
         <object_component_ref idref="oc-7ac"/>
      </symbol>
      <symbol id="sm-b24">
         <name>RTC_B_setCalendarEvent</name>
         <value>0x5650</value>
         <object_component_ref idref="oc-7b8"/>
      </symbol>
      <symbol id="sm-b25">
         <name>RTC_B_definePrescaleEvent</name>
         <value>0x13e36</value>
         <object_component_ref idref="oc-7b2"/>
      </symbol>
      <symbol id="sm-b4c">
         <name>Timer_A_initUpMode</name>
         <value>0x12d3c</value>
         <object_component_ref idref="oc-7dd"/>
      </symbol>
      <symbol id="sm-b4d">
         <name>Timer_A_startCounter</name>
         <value>0x5680</value>
         <object_component_ref idref="oc-6c0"/>
      </symbol>
      <symbol id="sm-b4e">
         <name>Timer_A_stop</name>
         <value>0x5672</value>
         <object_component_ref idref="oc-6ba"/>
      </symbol>
      <symbol id="sm-b4f">
         <name>Timer_A_clear</name>
         <value>0x567a</value>
         <object_component_ref idref="oc-7e3"/>
      </symbol>
      <symbol id="sm-b68">
         <name>WDT_A_start</name>
         <value>0x13ee4</value>
         <object_component_ref idref="oc-61a"/>
      </symbol>
      <symbol id="sm-b69">
         <name>WDT_A_initWatchdogTimer</name>
         <value>0x13fd2</value>
         <object_component_ref idref="oc-614"/>
      </symbol>
      <symbol id="sm-b6a">
         <name>WDT_A_resetTimer</name>
         <value>0x13ec8</value>
         <object_component_ref idref="oc-55c"/>
      </symbol>
      <symbol id="sm-b8d">
         <name>__TI_decompress_lzss</name>
         <value>0x12ea8</value>
         <object_component_ref idref="oc-76"/>
      </symbol>
      <symbol id="sm-b9e">
         <name>__TI_decompress_none</name>
         <value>0x55bc</value>
         <object_component_ref idref="oc-7c"/>
      </symbol>
      <symbol id="sm-ba1">
         <name>__TI_int30</name>
         <value>0xffcc</value>
         <object_component_ref idref="oc-82"/>
      </symbol>
      <symbol id="sm-ba9">
         <name>__TI_ISR_TRAP</name>
         <value>0x5546</value>
         <object_component_ref idref="oc-3e2"/>
      </symbol>
      <symbol id="sm-bac">
         <name>__TI_int32</name>
         <value>0xffd0</value>
         <object_component_ref idref="oc-84"/>
      </symbol>
      <symbol id="sm-baf">
         <name>__TI_int33</name>
         <value>0xffd2</value>
         <object_component_ref idref="oc-85"/>
      </symbol>
      <symbol id="sm-bb2">
         <name>__TI_int34</name>
         <value>0xffd4</value>
         <object_component_ref idref="oc-86"/>
      </symbol>
      <symbol id="sm-bb5">
         <name>__TI_int35</name>
         <value>0xffd6</value>
         <object_component_ref idref="oc-87"/>
      </symbol>
      <symbol id="sm-bb8">
         <name>__TI_int36</name>
         <value>0xffd8</value>
         <object_component_ref idref="oc-88"/>
      </symbol>
      <symbol id="sm-bbb">
         <name>__TI_int37</name>
         <value>0xffda</value>
         <object_component_ref idref="oc-89"/>
      </symbol>
      <symbol id="sm-bbe">
         <name>__TI_int39</name>
         <value>0xffde</value>
         <object_component_ref idref="oc-8b"/>
      </symbol>
      <symbol id="sm-bc1">
         <name>__TI_int40</name>
         <value>0xffe0</value>
         <object_component_ref idref="oc-8c"/>
      </symbol>
      <symbol id="sm-bc4">
         <name>__TI_int42</name>
         <value>0xffe4</value>
         <object_component_ref idref="oc-8e"/>
      </symbol>
      <symbol id="sm-bc7">
         <name>__TI_int44</name>
         <value>0xffe8</value>
         <object_component_ref idref="oc-90"/>
      </symbol>
      <symbol id="sm-bca">
         <name>__TI_int46</name>
         <value>0xffec</value>
         <object_component_ref idref="oc-92"/>
      </symbol>
      <symbol id="sm-bcd">
         <name>__TI_int47</name>
         <value>0xffee</value>
         <object_component_ref idref="oc-93"/>
      </symbol>
      <symbol id="sm-bd0">
         <name>__TI_int49</name>
         <value>0xfff2</value>
         <object_component_ref idref="oc-95"/>
      </symbol>
      <symbol id="sm-bd3">
         <name>__TI_int50</name>
         <value>0xfff4</value>
         <object_component_ref idref="oc-96"/>
      </symbol>
      <symbol id="sm-bd6">
         <name>__TI_int51</name>
         <value>0xfff6</value>
         <object_component_ref idref="oc-97"/>
      </symbol>
      <symbol id="sm-bd9">
         <name>__TI_int52</name>
         <value>0xfff8</value>
         <object_component_ref idref="oc-98"/>
      </symbol>
      <symbol id="sm-bdc">
         <name>__TI_int53</name>
         <value>0xfffa</value>
         <object_component_ref idref="oc-99"/>
      </symbol>
      <symbol id="sm-bef">
         <name>__TI_zero_init_nomemset</name>
         <value>0x13dee</value>
         <object_component_ref idref="oc-411"/>
      </symbol>
      <symbol id="sm-bfb">
         <name>__mspabi_remi</name>
         <value>0x13cd2</value>
         <object_component_ref idref="oc-a27"/>
      </symbol>
      <symbol id="sm-bfc">
         <name>__mspabi_divi</name>
         <value>0x13cd2</value>
         <object_component_ref idref="oc-a27"/>
      </symbol>
      <symbol id="sm-c08">
         <name>__mspabi_remli</name>
         <value>0x137f6</value>
         <object_component_ref idref="oc-6fe"/>
      </symbol>
      <symbol id="sm-c09">
         <name>__mspabi_divli</name>
         <value>0x137f6</value>
         <object_component_ref idref="oc-6fe"/>
      </symbol>
      <symbol id="sm-c13">
         <name>__mspabi_remu</name>
         <value>0x13fbc</value>
         <object_component_ref idref="oc-a7e"/>
      </symbol>
      <symbol id="sm-c14">
         <name>__mspabi_divu</name>
         <value>0x13fbc</value>
         <object_component_ref idref="oc-a7e"/>
      </symbol>
      <symbol id="sm-c22">
         <name>__mspabi_remul</name>
         <value>0x133a6</value>
         <object_component_ref idref="oc-7f3"/>
      </symbol>
      <symbol id="sm-c23">
         <name>__mspabi_divul</name>
         <value>0x133a6</value>
         <object_component_ref idref="oc-7f3"/>
      </symbol>
      <symbol id="sm-c2c">
         <name>__mspabi_mpyi_f5hw</name>
         <value>0x13f4c</value>
         <object_component_ref idref="oc-8c2"/>
      </symbol>
      <symbol id="sm-c35">
         <name>__mspabi_mpyl_f5hw</name>
         <value>0x13e12</value>
         <object_component_ref idref="oc-99d"/>
      </symbol>
      <symbol id="sm-c41">
         <name>__mspabi_slll_9</name>
         <value>0x138ca</value>
         <object_component_ref idref="oc-820"/>
      </symbol>
      <symbol id="sm-c42">
         <name>__mspabi_slll_8</name>
         <value>0x138ce</value>
         <object_component_ref idref="oc-820"/>
      </symbol>
      <symbol id="sm-c43">
         <name>__mspabi_slll_7</name>
         <value>0x138d2</value>
         <object_component_ref idref="oc-820"/>
      </symbol>
      <symbol id="sm-c44">
         <name>__mspabi_slll_6</name>
         <value>0x138d6</value>
         <object_component_ref idref="oc-820"/>
      </symbol>
      <symbol id="sm-c45">
         <name>__mspabi_slll_5</name>
         <value>0x138da</value>
         <object_component_ref idref="oc-820"/>
      </symbol>
      <symbol id="sm-c46">
         <name>__mspabi_slll_4</name>
         <value>0x138de</value>
         <object_component_ref idref="oc-820"/>
      </symbol>
      <symbol id="sm-c47">
         <name>__mspabi_slll_3</name>
         <value>0x138e2</value>
         <object_component_ref idref="oc-820"/>
      </symbol>
      <symbol id="sm-c48">
         <name>__mspabi_slll_2</name>
         <value>0x138e6</value>
         <object_component_ref idref="oc-820"/>
      </symbol>
      <symbol id="sm-c49">
         <name>__mspabi_slll_1</name>
         <value>0x138ea</value>
         <object_component_ref idref="oc-820"/>
      </symbol>
      <symbol id="sm-c4a">
         <name>__mspabi_slll_15</name>
         <value>0x138b2</value>
         <object_component_ref idref="oc-820"/>
      </symbol>
      <symbol id="sm-c4b">
         <name>__mspabi_slll_14</name>
         <value>0x138b6</value>
         <object_component_ref idref="oc-820"/>
      </symbol>
      <symbol id="sm-c4c">
         <name>__mspabi_slll_13</name>
         <value>0x138ba</value>
         <object_component_ref idref="oc-820"/>
      </symbol>
      <symbol id="sm-c4d">
         <name>__mspabi_slll_12</name>
         <value>0x138be</value>
         <object_component_ref idref="oc-820"/>
      </symbol>
      <symbol id="sm-c4e">
         <name>__mspabi_slll_11</name>
         <value>0x138c2</value>
         <object_component_ref idref="oc-820"/>
      </symbol>
      <symbol id="sm-c4f">
         <name>__mspabi_slll_10</name>
         <value>0x138c6</value>
         <object_component_ref idref="oc-820"/>
      </symbol>
      <symbol id="sm-c57">
         <name>__mspabi_sral_15</name>
         <value>0x13874</value>
         <object_component_ref idref="oc-81b"/>
      </symbol>
      <symbol id="sm-c58">
         <name>__mspabi_sral_14</name>
         <value>0x13878</value>
         <object_component_ref idref="oc-81b"/>
      </symbol>
      <symbol id="sm-c59">
         <name>__mspabi_sral_13</name>
         <value>0x1387c</value>
         <object_component_ref idref="oc-81b"/>
      </symbol>
      <symbol id="sm-c5a">
         <name>__mspabi_sral_12</name>
         <value>0x13880</value>
         <object_component_ref idref="oc-81b"/>
      </symbol>
      <symbol id="sm-c5b">
         <name>__mspabi_sral_11</name>
         <value>0x13884</value>
         <object_component_ref idref="oc-81b"/>
      </symbol>
      <symbol id="sm-c5c">
         <name>__mspabi_sral_10</name>
         <value>0x13888</value>
         <object_component_ref idref="oc-81b"/>
      </symbol>
      <symbol id="sm-c5d">
         <name>__mspabi_sral_8</name>
         <value>0x13890</value>
         <object_component_ref idref="oc-81b"/>
      </symbol>
      <symbol id="sm-c5e">
         <name>__mspabi_sral_9</name>
         <value>0x1388c</value>
         <object_component_ref idref="oc-81b"/>
      </symbol>
      <symbol id="sm-c5f">
         <name>__mspabi_sral_6</name>
         <value>0x13898</value>
         <object_component_ref idref="oc-81b"/>
      </symbol>
      <symbol id="sm-c60">
         <name>__mspabi_sral_7</name>
         <value>0x13894</value>
         <object_component_ref idref="oc-81b"/>
      </symbol>
      <symbol id="sm-c61">
         <name>__mspabi_sral_4</name>
         <value>0x138a0</value>
         <object_component_ref idref="oc-81b"/>
      </symbol>
      <symbol id="sm-c62">
         <name>__mspabi_sral_5</name>
         <value>0x1389c</value>
         <object_component_ref idref="oc-81b"/>
      </symbol>
      <symbol id="sm-c63">
         <name>__mspabi_sral_2</name>
         <value>0x138a8</value>
         <object_component_ref idref="oc-81b"/>
      </symbol>
      <symbol id="sm-c64">
         <name>__mspabi_sral_3</name>
         <value>0x138a4</value>
         <object_component_ref idref="oc-81b"/>
      </symbol>
      <symbol id="sm-c65">
         <name>__mspabi_sral_1</name>
         <value>0x138ac</value>
         <object_component_ref idref="oc-81b"/>
      </symbol>
      <symbol id="sm-c75">
         <name>_c_int00_noargs_mpu</name>
         <value>0x5518</value>
         <object_component_ref idref="oc-43b"/>
      </symbol>
      <symbol id="sm-c76">
         <name>_stack</name>
         <value>0x2200</value>
         <object_component_ref idref="oc-3c3"/>
      </symbol>
      <symbol id="sm-c77">
         <name>_reset_vector</name>
         <value>0xfffe</value>
         <object_component_ref idref="oc-3c6"/>
      </symbol>
      <symbol id="sm-c80">
         <name>__mpu_init</name>
         <value>0x13c7a</value>
         <object_component_ref idref="oc-4c2"/>
      </symbol>
      <symbol id="sm-ca4">
         <name>__TI_auto_init_nobinit_nopinit_hold_wdt</name>
         <value>0x133fe</value>
         <object_component_ref idref="oc-5ca"/>
      </symbol>
      <symbol id="sm-cad">
         <name>_system_post_cinit</name>
         <value>0x5692</value>
         <object_component_ref idref="oc-739"/>
      </symbol>
      <symbol id="sm-cb6">
         <name>_system_pre_init</name>
         <value>0x568c</value>
         <object_component_ref idref="oc-4aa"/>
      </symbol>
      <symbol id="sm-cc9">
         <name>atoi</name>
         <value>0x13344</value>
         <object_component_ref idref="oc-6ef"/>
      </symbol>
      <symbol id="sm-cd3">
         <name>_ctypes_</name>
         <value>0x5996</value>
         <object_component_ref idref="oc-8c7"/>
      </symbol>
      <symbol id="sm-d2b">
         <name>_sys_memory</name>
         <value>0x4d38</value>
         <object_component_ref idref="oc-3c7"/>
      </symbol>
      <symbol id="sm-d2c">
         <name>free</name>
         <value>0x129a6</value>
         <object_component_ref idref="oc-98d"/>
      </symbol>
      <symbol id="sm-d2d">
         <name>calloc</name>
         <value>0x13ca6</value>
         <object_component_ref idref="oc-981"/>
      </symbol>
      <symbol id="sm-d2e">
         <name>malloc</name>
         <value>0x123ec</value>
         <object_component_ref idref="oc-a47"/>
      </symbol>
      <symbol id="sm-d2f">
         <name>minit</name>
         <value>0x13774</value>
         <object_component_ref idref="oc-a91"/>
      </symbol>
      <symbol id="sm-d45">
         <name>_nop</name>
         <value>0x5690</value>
         <object_component_ref idref="oc-8e3"/>
      </symbol>
      <symbol id="sm-d46">
         <name>_lock</name>
         <value>0x1d9e</value>
         <object_component_ref idref="oc-72b"/>
      </symbol>
      <symbol id="sm-d47">
         <name>_unlock</name>
         <value>0x1da2</value>
         <object_component_ref idref="oc-734"/>
      </symbol>
      <symbol id="sm-d52">
         <name>C$$EXIT</name>
         <value>0x5686</value>
         <object_component_ref idref="oc-5a6"/>
      </symbol>
      <symbol id="sm-d53">
         <name>abort</name>
         <value>0x5686</value>
         <object_component_ref idref="oc-5a6"/>
      </symbol>
      <symbol id="sm-d63">
         <name>ltoa</name>
         <value>0x12c3e</value>
         <object_component_ref idref="oc-57b"/>
      </symbol>
      <symbol id="sm-d6d">
         <name>abs</name>
         <value>0x5668</value>
         <object_component_ref idref="oc-703"/>
      </symbol>
      <symbol id="sm-d7c">
         <name>memcmp</name>
         <value>0x13da4</value>
         <object_component_ref idref="oc-8a8"/>
      </symbol>
      <symbol id="sm-d8a">
         <name>memcpy</name>
         <value>0x554e</value>
         <object_component_ref idref="oc-3d5"/>
      </symbol>
      <symbol id="sm-d98">
         <name>memset</name>
         <value>0x13fa6</value>
         <object_component_ref idref="oc-56b"/>
      </symbol>
      <symbol id="sm-dc0">
         <name>strcat</name>
         <value>0x13e72</value>
         <object_component_ref idref="oc-581"/>
      </symbol>
      <symbol id="sm-dce">
         <name>strcpy</name>
         <value>0x55ce</value>
         <object_component_ref idref="oc-572"/>
      </symbol>
      <symbol id="sm-ddb">
         <name>strlen</name>
         <value>0x5628</value>
         <object_component_ref idref="oc-58d"/>
      </symbol>
      <symbol id="sm-deb">
         <name>strncat</name>
         <value>0x13b6e</value>
         <object_component_ref idref="oc-8bb"/>
      </symbol>
      <symbol id="sm-dfc">
         <name>strncpy</name>
         <value>0x13ab0</value>
         <object_component_ref idref="oc-8a2"/>
      </symbol>
      <symbol id="sm-e0f">
         <name>strstr</name>
         <value>0x1392e</value>
         <object_component_ref idref="oc-975"/>
      </symbol>
      <symbol id="sm-e25">
         <name>strtok</name>
         <value>0x13452</value>
         <object_component_ref idref="oc-96f"/>
      </symbol>
      <symbol id="sm-e35">
         <name>strcspn</name>
         <value>0x13cfe</value>
         <object_component_ref idref="oc-a3c"/>
      </symbol>
      <symbol id="sm-e47">
         <name>strspn</name>
         <value>0x13d54</value>
         <object_component_ref idref="oc-a36"/>
      </symbol>
   </symbol_table>
   <title>Link successful</title>
</link_info>
