******************************************************************************
                  MSP430 Linker PC v18.1.4                     
******************************************************************************
>> Linked Fri Mar  8 18:28:42 2019

OUTPUT FILE NAME:   <MQTT_SIM800_FR5969_No_FOTA.out>
ENTRY POINT SYMBOL: "_c_int00_noargs_mpu"  address: 00005518


MEMORY CONFIGURATION

         name            origin    length      used     unused   attr    fill
----------------------  --------  ---------  --------  --------  ----  --------
  SFR                   00000000   00000010  00000000  00000010  RWIX
  PERIPHERALS_8BIT      00000010   000000f0  00000000  000000f0  RWIX
  PERIPHERALS_16BIT     00000100   00000100  00000000  00000100  RWIX
  INFOD                 00001800   00000080  00000000  00000080  RWIX
  INFOC                 00001880   00000080  00000000  00000080  RWIX
  INFOB                 00001900   00000080  00000000  00000080  RWIX
  INFOA                 00001980   00000080  00000000  00000080  RWIX
  RAM                   00001c00   00000800  000003d8  00000428  RWIX
  FRAM                  00004400   0000bb80  00001aa1  0000a0df  RWIX
  JTAGSIGNATURE         0000ff80   00000004  00000004  00000000  RWIX  ffff 
  BSLSIGNATURE          0000ff84   00000004  00000004  00000000  RWIX  ffff 
  IPESIGNATURE          0000ff88   00000008  00000008  00000000  RWIX  ffff 
  INT00                 0000ff90   00000002  00000000  00000002  RWIX
  INT01                 0000ff92   00000002  00000000  00000002  RWIX
  INT02                 0000ff94   00000002  00000000  00000002  RWIX
  INT03                 0000ff96   00000002  00000000  00000002  RWIX
  INT04                 0000ff98   00000002  00000000  00000002  RWIX
  INT05                 0000ff9a   00000002  00000000  00000002  RWIX
  INT06                 0000ff9c   00000002  00000000  00000002  RWIX
  INT07                 0000ff9e   00000002  00000000  00000002  RWIX
  INT08                 0000ffa0   00000002  00000000  00000002  RWIX
  INT09                 0000ffa2   00000002  00000000  00000002  RWIX
  INT10                 0000ffa4   00000002  00000000  00000002  RWIX
  INT11                 0000ffa6   00000002  00000000  00000002  RWIX
  INT12                 0000ffa8   00000002  00000000  00000002  RWIX
  INT13                 0000ffaa   00000002  00000000  00000002  RWIX
  INT14                 0000ffac   00000002  00000000  00000002  RWIX
  INT15                 0000ffae   00000002  00000000  00000002  RWIX
  INT16                 0000ffb0   00000002  00000000  00000002  RWIX
  INT17                 0000ffb2   00000002  00000000  00000002  RWIX
  INT18                 0000ffb4   00000002  00000000  00000002  RWIX
  INT19                 0000ffb6   00000002  00000000  00000002  RWIX
  INT20                 0000ffb8   00000002  00000000  00000002  RWIX
  INT21                 0000ffba   00000002  00000000  00000002  RWIX
  INT22                 0000ffbc   00000002  00000000  00000002  RWIX
  INT23                 0000ffbe   00000002  00000000  00000002  RWIX
  INT24                 0000ffc0   00000002  00000000  00000002  RWIX
  INT25                 0000ffc2   00000002  00000000  00000002  RWIX
  INT26                 0000ffc4   00000002  00000000  00000002  RWIX
  INT27                 0000ffc6   00000002  00000000  00000002  RWIX
  INT28                 0000ffc8   00000002  00000000  00000002  RWIX
  INT29                 0000ffca   00000002  00000000  00000002  RWIX
  INT30                 0000ffcc   00000002  00000002  00000000  RWIX
  INT31                 0000ffce   00000002  00000002  00000000  RWIX
  INT32                 0000ffd0   00000002  00000002  00000000  RWIX
  INT33                 0000ffd2   00000002  00000002  00000000  RWIX
  INT34                 0000ffd4   00000002  00000002  00000000  RWIX
  INT35                 0000ffd6   00000002  00000002  00000000  RWIX
  INT36                 0000ffd8   00000002  00000002  00000000  RWIX
  INT37                 0000ffda   00000002  00000002  00000000  RWIX
  INT38                 0000ffdc   00000002  00000002  00000000  RWIX
  INT39                 0000ffde   00000002  00000002  00000000  RWIX
  INT40                 0000ffe0   00000002  00000002  00000000  RWIX
  INT41                 0000ffe2   00000002  00000002  00000000  RWIX
  INT42                 0000ffe4   00000002  00000002  00000000  RWIX
  INT43                 0000ffe6   00000002  00000002  00000000  RWIX
  INT44                 0000ffe8   00000002  00000002  00000000  RWIX
  INT45                 0000ffea   00000002  00000002  00000000  RWIX
  INT46                 0000ffec   00000002  00000002  00000000  RWIX
  INT47                 0000ffee   00000002  00000002  00000000  RWIX
  INT48                 0000fff0   00000002  00000002  00000000  RWIX
  INT49                 0000fff2   00000002  00000002  00000000  RWIX
  INT50                 0000fff4   00000002  00000002  00000000  RWIX
  INT51                 0000fff6   00000002  00000002  00000000  RWIX
  INT52                 0000fff8   00000002  00000002  00000000  RWIX
  INT53                 0000fffa   00000002  00000002  00000000  RWIX
  INT54                 0000fffc   00000002  00000002  00000000  RWIX
  RESET                 0000fffe   00000002  00000002  00000000  RWIX
  FRAM2                 00010000   00004000  00004000  00000000  RWIX


SECTION ALLOCATION MAP

 output                                  attributes/
section   page    origin      length       input sections
--------  ----  ----------  ----------   ----------------
.data      0    00001c00    000001ae     UNINITIALIZED
                  00001c00    00000101     SPi_flash_Reg.obj (.data:readBackBuffer)
                  00001d01    00000001     Uart.obj (.data)
                  00001d02    00000046     Mqtt.obj (.data:ConnnectPacket)
                  00001d48    0000000f     GSM.obj (.data:reqSock)
                  00001d57    00000001     --HOLE--
                  00001d58    0000000f     main.obj (.data:tmp)
                  00001d67    00000001     --HOLE--
                  00001d68    0000000a     App.obj (.data)
                  00001d72    0000000a     Mqtt.obj (.data)
                  00001d7c    0000000a     main.obj (.data)
                  00001d86    0000000a     Mqtt.obj (.data:topicString)
                  00001d90    00000008     cs.obj (.data)
                  00001d98    00000005     GSM.obj (.data)
                  00001d9d    00000001     --HOLE--
                  00001d9e    00000004     rts430x_lc_rd_eabi.lib : _lock.c.obj (.data:_lock)
                  00001da2    00000004                            : _lock.c.obj (.data:_unlock)
                  00001da6    00000004                            : strtok.c.obj (.data)
                  00001daa    00000002                            : memory.c.obj (.data)
                  00001dac    00000002     SPi_flash_Reg.obj (.data:stat)

.TI.persistent 
*          0    00004400    00000935     
                  00004400    00000200     App.obj (.TI.persistent:ConnectCallBuffer)
                  00004600    00000200     Uart.obj (.TI.persistent:GSM_Buffer)
                  00004800    00000200     Mqtt.obj (.TI.persistent:Mqtt_Com_Buf)
                  00004a00    00000200     Mqtt.obj (.TI.persistent:Serialised_Buffer)
                  00004c00    00000064     App.obj (.TI.persistent:APP_Com_Buf)
                  00004c64    00000064     GSM.obj (.TI.persistent:Common_Buffer_G)
                  00004cc8    00000064     main.obj (.TI.persistent:main_Com_Buf)
                  00004d2c    00000008     main.obj (.TI.persistent)
                  00004d34    00000001     App.obj (.TI.persistent)

.cio       0    00004d35    00000000     UNINITIALIZED

.sysmem    0    00004d38    00000400     
                  00004d38    00000006     rts430x_lc_rd_eabi.lib : memory.c.obj (.sysmem) [fill = 0]
                  00004d3e    000003fa     --HOLE-- [fill = 0]

.ipestruct 
*          0    00005400    00000000     UNINITIALIZED

.ipe       0    00005400    00000000     UNINITIALIZED

.ipe_const 
*          0    00005400    00000000     UNINITIALIZED

.ipe:_isr 
*          0    00005400    00000000     UNINITIALIZED

.ipe_vars 
*          0    00005400    00000000     UNINITIALIZED

.cinit     0    00005e46    0000005c     
                  00005e46    00000039     (.cinit..data.load) [load image, compression = lzss]
                  00005e7f    00000001     --HOLE-- [fill = 0]
                  00005e80    0000000c     (__TI_handler_table)
                  00005e8c    00000006     (.cinit..bss.load) [load image, compression = zero_init]
                  00005e92    00000010     (__TI_cinit_table)

.binit     0    00004400    00000000     

.init_array 
*          0    00004400    00000000     UNINITIALIZED

.text:_isr 
*          0    00005400    0000014e     
                  00005400    00000040     Mpu.obj (.text:_isr:SYSNMI_ISR)
                  00005440    00000038     Uart.obj (.text:_isr:GSM_UART)
                  00005478    0000002e     rtc.obj (.text:_isr:RTC_ISR)
                  000054a6    0000002e     Timer.obj (.text:_isr:TIMER_A0_isr)
                  000054d4    00000024     Timer.obj (.text:_isr:TIMER_A1_isr)
                  000054f8    00000020     Timer.obj (.text:_isr:TIMER_A2_isr)
                  00005518    00000020     rts430x_lc_rd_eabi.lib : boot.c.obj (.text:_isr:_c_int00_noargs_mpu)
                  00005538    0000000e     Uart.obj (.text:_isr:USCI_A0_ISR)
                  00005546    00000008     rts430x_lc_rd_eabi.lib : isr_trap.asm.obj (.text:_isr:__TI_ISR_TRAP)

.bss       0    00001dae    0000002a     UNINITIALIZED
                  00001dae    0000000a     rts430x_lc_rd_eabi.lib : memory.c.obj (.bss)
                  00001db8    00000004     MQTTPacket.obj (.bss)
                  00001dbc    00000004     (.common:Erase_Sector)
                  00001dc0    00000002     (.common:GSM_Buffer_Index)
                  00001dc2    00000002     (.common:GSMmaxCounter)
                  00001dc4    00000002     (.common:GSMmaxTime)
                  00001dc6    00000002     (.common:SleepCounter)
                  00001dc8    00000002     (.common:SleepTime)
                  00001dca    00000001     (.common:ATCmd)
                  00001dcb    00000001     (.common:ATMaxtry)
                  00001dcc    00000001     (.common:Flash_State)
                  00001dcd    00000001     (.common:GSMCmdtimout)
                  00001dce    00000001     (.common:GSM_Buffer_Ready)
                  00001dcf    00000001     (.common:GSMmaxTimerOn)
                  00001dd0    00000001     (.common:PcktID_send)
                  00001dd1    00000001     (.common:Processing_unsolic_msg)
                  00001dd2    00000001     (.common:RTC_Counter)
                  00001dd3    00000001     (.common:Resp_received)
                  00001dd4    00000001     (.common:SleepTimerOn)
                  00001dd5    00000001     (.common:Start_Buffering)
                  00001dd6    00000001     (.common:Sync_Occured)
                  00001dd7    00000001     (.common:flash_memory_full)

.stack     0    00002200    00000200     UNINITIALIZED
                  00002200    00000004     rts430x_lc_rd_eabi.lib : boot.c.obj (.stack)
                  00002204    000001fc     --HOLE--

.text.1    0    0000554e    00000146     
                  0000554e    00000014     rts430x_lc_rd_eabi.lib : memcpy.c.obj (.text:memcpy)
                  00005562    00000012     cs.obj (.text:CS_setExternalClockSource)
                  00005574    00000012     mpu.obj (.text:MPU_enableNMIevent)
                  00005586    00000012     mpu.obj (.text:MPU_start)
                  00005598    00000012     MQTTSerializePublish.obj (.text:MQTTSerialize_puback)
                  000055aa    00000012     Timer.obj (.text:Stop_GSM_MaxTimer)
                  000055bc    00000012     rts430x_lc_rd_eabi.lib : copy_decompress_none.c.obj (.text:decompress:none:__TI_decompress_none)
                  000055ce    00000012                            : strcpy.c.obj (.text:strcpy)
                  000055e0    00000010     pmm.obj (.text:PMM_trigBOR)
                  000055f0    0000000e     MQTTPacket.obj (.text:MQTTPacket_decodeBuf)
                  000055fe    0000000e     Uart.obj (.text:Tx_Uart0_Char)
                  0000560c    0000000e     Uart.obj (.text:Tx_Uart1_Char)
                  0000561a    0000000e     MQTTPacket.obj (.text:readChar)
                  00005628    0000000e     rts430x_lc_rd_eabi.lib : strlen.c.obj (.text:strlen)
                  00005636    0000000e     MQTTPacket.obj (.text:writeChar)
                  00005644    0000000c     rtc_b.obj (.text:RTC_B_holdClock)
                  00005650    0000000c     rtc_b.obj (.text:RTC_B_setCalendarEvent)
                  0000565c    0000000c     rtc_b.obj (.text:RTC_B_startClock)
                  00005668    0000000a     rts430x_lc_rd_eabi.lib : abs.c.obj (.text:abs)
                  00005672    00000008     timer_a.obj (.text:Timer_A_stop)
                  0000567a    00000006     timer_a.obj (.text:Timer_A_clear)
                  00005680    00000006     timer_a.obj (.text:Timer_A_startCounter)
                  00005686    00000006     rts430x_lc_rd_eabi.lib : exit.c.obj (.text:abort)
                  0000568c    00000004                            : pre_init.c.obj (.text:_system_pre_init)
                  00005690    00000002                            : _lock.c.obj (.text:_nop)
                  00005692    00000002                            : startup.c.obj (.text:_system_post_cinit)

$fill000   0    0000ff80    00000004     
                  0000ff80    00000004     --HOLE-- [fill = ffff]

$fill001   0    0000ff84    00000004     
                  0000ff84    00000004     --HOLE-- [fill = ffff]

$fill002   0    0000ff88    00000008     
                  0000ff88    00000008     --HOLE-- [fill = ffff]

AES256     0    0000ffcc    00000002     
                  0000ffcc    00000002     rts430x_lc_rd_eabi.lib : int30.asm.obj (.int30)

RTC        0    0000ffce    00000002     
                  0000ffce    00000002     rtc.obj (.int31)

PORT4      0    0000ffd0    00000002     
                  0000ffd0    00000002     rts430x_lc_rd_eabi.lib : int32.asm.obj (.int32)

PORT3      0    0000ffd2    00000002     
                  0000ffd2    00000002     rts430x_lc_rd_eabi.lib : int33.asm.obj (.int33)

TIMER3_A1 
*          0    0000ffd4    00000002     
                  0000ffd4    00000002     rts430x_lc_rd_eabi.lib : int34.asm.obj (.int34)

TIMER3_A0 
*          0    0000ffd6    00000002     
                  0000ffd6    00000002     rts430x_lc_rd_eabi.lib : int35.asm.obj (.int35)

PORT2      0    0000ffd8    00000002     
                  0000ffd8    00000002     rts430x_lc_rd_eabi.lib : int36.asm.obj (.int36)

TIMER2_A1 
*          0    0000ffda    00000002     
                  0000ffda    00000002     rts430x_lc_rd_eabi.lib : int37.asm.obj (.int37)

TIMER2_A0 
*          0    0000ffdc    00000002     
                  0000ffdc    00000002     Timer.obj (.int38)

PORT1      0    0000ffde    00000002     
                  0000ffde    00000002     rts430x_lc_rd_eabi.lib : int39.asm.obj (.int39)

TIMER1_A1 
*          0    0000ffe0    00000002     
                  0000ffe0    00000002     rts430x_lc_rd_eabi.lib : int40.asm.obj (.int40)

TIMER1_A0 
*          0    0000ffe2    00000002     
                  0000ffe2    00000002     Timer.obj (.int41)

DMA        0    0000ffe4    00000002     
                  0000ffe4    00000002     rts430x_lc_rd_eabi.lib : int42.asm.obj (.int42)

USCI_A1    0    0000ffe6    00000002     
                  0000ffe6    00000002     Uart.obj (.int43)

TIMER0_A1 
*          0    0000ffe8    00000002     
                  0000ffe8    00000002     rts430x_lc_rd_eabi.lib : int44.asm.obj (.int44)

TIMER0_A0 
*          0    0000ffea    00000002     
                  0000ffea    00000002     Timer.obj (.int45)

ADC12      0    0000ffec    00000002     
                  0000ffec    00000002     rts430x_lc_rd_eabi.lib : int46.asm.obj (.int46)

USCI_B0    0    0000ffee    00000002     
                  0000ffee    00000002     rts430x_lc_rd_eabi.lib : int47.asm.obj (.int47)

USCI_A0    0    0000fff0    00000002     
                  0000fff0    00000002     Uart.obj (.int48)

WDT        0    0000fff2    00000002     
                  0000fff2    00000002     rts430x_lc_rd_eabi.lib : int49.asm.obj (.int49)

TIMER0_B1 
*          0    0000fff4    00000002     
                  0000fff4    00000002     rts430x_lc_rd_eabi.lib : int50.asm.obj (.int50)

TIMER0_B0 
*          0    0000fff6    00000002     
                  0000fff6    00000002     rts430x_lc_rd_eabi.lib : int51.asm.obj (.int51)

COMP_E     0    0000fff8    00000002     
                  0000fff8    00000002     rts430x_lc_rd_eabi.lib : int52.asm.obj (.int52)

UNMI       0    0000fffa    00000002     
                  0000fffa    00000002     rts430x_lc_rd_eabi.lib : int53.asm.obj (.int53)

SYSNMI     0    0000fffc    00000002     
                  0000fffc    00000002     Mpu.obj (.int54)

.reset     0    0000fffe    00000002     
                  0000fffe    00000002     rts430x_lc_rd_eabi.lib : boot.c.obj (.reset)

.const     0    00005694    000007b1     
                  00005694    00000302     GSM.obj (.const:.string)
                  00005996    00000101     rts430x_lc_rd_eabi.lib : ctype.c.obj (.const:.string:_ctypes_)
                  00005a97    00000001     --HOLE-- [fill = 0]
                  00005a98    000000d8     SPi_flash_Reg.obj (.const:.string)
                  00005b70    000000c0     App.obj (.const:.string)
                  00005c30    000000bc     Mqtt.obj (.const:.string)
                  00005cec    0000005a     Mpu.obj (.const:.string)
                  00005d46    00000040     main.obj (.const:.string)
                  00005d86    00000034     Uart.obj (.const:.string)
                  00005dba    0000001c     gpio.obj (.const:GPIO_PORT_TO_BASE)
                  00005dd6    0000000e     Timer.obj (.const:$P$T0$1)
                  00005de4    0000000e     Timer.obj (.const:$P$T1$2)
                  00005df2    0000000e     Timer.obj (.const:$P$T2$3)
                  00005e00    0000000e     MQTTConnectClient.obj (.const:.string)
                  00005e0e    0000000a     Mqtt.obj (.const:$P$T0$1)
                  00005e18    00000008     Mpu.obj (.const:$P$T0$1)
                  00005e20    00000008     rtc.obj (.const:$P$T0$1)
                  00005e28    00000004     SPi_flash_Reg.obj (.const:.string:SPI_DisableProtection)
                  00005e2c    00000004     SPi_flash_Reg.obj (.const:.string:SPI_Powerof2)
                  00005e30    00000002     MQTTConnectClient.obj (.const:$P$T0$1)
                  00005e32    00000002     MQTTDeserializePublish.obj (.const:$P$T0$1)
                  00005e34    00000002     MQTTSerializePublish.obj (.const:$P$T0$1)
                  00005e36    00000002     MQTTSubscribeClient.obj (.const:$P$T0$1)
                  00005e38    00000002     MQTTConnectClient.obj (.const:$P$T1$2)
                  00005e3a    00000002     MQTTDeserializePublish.obj (.const:$P$T1$2)
                  00005e3c    00000002     MQTTSerializePublish.obj (.const:$P$T1$2)
                  00005e3e    00000002     MQTTSubscribeClient.obj (.const:$P$T1$2)
                  00005e40    00000002     MQTTConnectClient.obj (.const:$P$T2$3)
                  00005e42    00000002     MQTTConnectClient.obj (.const:$P$T3$4)
                  00005e44    00000001     SPi_flash_Reg.obj (.const:.string:SPI_Manf_ID)

.text.2    0    00010000    00004000     
                  00010000    000006a2     GSM.obj (.text:ProcessGSMResp)
                  000106a2    000002a2     Mqtt.obj (.text:Proccess_Unsolicated_Response)
                  00010944    00000224     GSM.obj (.text:Init_GSM)
                  00010b68    00000206     main.obj (.text:main)
                  00010d6e    000001b2     Mqtt.obj (.text:Process_SubcribeMsg)
                  00010f20    000001a0     mpu.obj (.text:MPU_initThreeSegments)
                  000110c0    0000019e     MQTTConnectClient.obj (.text:MQTTSerialize_connect)
                  0001125e    0000019c     Uart.obj (.text:Init_Uart)
                  000113fa    00000184     SPi_flash_Reg.obj (.text:Insert_into_flash)
                  0001157e    0000015e     GSM.obj (.text:SATRT_TCP_UDP_SSL_CONNECTION)
                  000116dc    00000140     Mqtt.obj (.text:MQTTSendPacket)
                  0001181c    00000138     App.obj (.text:Init_Device)
                  00011954    00000126     App.obj (.text:Send_Data_to_Cloud)
                  00011a7a    00000114     SPi_flash_Reg.obj (.text:SPI_ModifyWrite_Flash)
                  00011b8e    000000f4     GSM.obj (.text:TCP_SEND)
                  00011c82    000000ee     App.obj (.text:Connect_To_Broker)
                  00011d70    000000e8     MQTTSerializePublish.obj (.text:MQTTSerialize_publish)
                  00011e58    000000e0     MQTTDeserializePublish.obj (.text:MQTTDeserialize_publish)
                  00011f38    000000de     Mqtt.obj (.text:Mqtt_return_value)
                  00012016    000000d0     MQTTSubscribeClient.obj (.text:MQTTSerialize_subscribe)
                  000120e6    000000cc     GSM.obj (.text:Check_network)
                  000121b2    000000c2     Mqtt.obj (.text:Mqtt_Connection_Established)
                  00012274    000000bc     GSM.obj (.text:Init_Tcp)
                  00012330    000000bc     MQTTSubscribeClient.obj (.text:MQTTDeserialize_suback)
                  000123ec    000000bc     rts430x_lc_rd_eabi.lib : memory.c.obj (.text:malloc)
                  000124a8    000000b2     Mqtt.obj (.text:Subscribe)
                  0001255a    000000a6     rtc.obj (.text:Init_RTC)
                  00012600    000000a6     Mqtt.obj (.text:Publish)
                  000126a6    000000a2     GSM.obj (.text:Init_HTTP)
                  00012748    0000009e     SPi_flash_Reg.obj (.text:SPI_CheckAndWriteIntoFlash)
                  000127e6    00000098     MQTTConnectClient.obj (.text:MQTTDeserialize_connack)
                  0001287e    00000096     SPi_flash_Reg.obj (.text:Increment_CloudSendAddress)
                  00012914    00000092     MQTTConnectClient.obj (.text:MQTTSerialize_connectLength)
                  000129a6    0000008e     rts430x_lc_rd_eabi.lib : memory.c.obj (.text:free)
                  00012a34    00000088     cs.obj (.text:CS_turnOnHFXT)
                  00012abc    00000082     MQTTSerializePublish.obj (.text:MQTTSerialize_ack)
                  00012b3e    00000080     clock.obj (.text:Init_Clock)
                  00012bbe    00000080     SPi_flash_Reg.obj (.text:SPI_Init)
                  00012c3e    00000080     rts430x_lc_rd_eabi.lib : ltoa.c.obj (.text:ltoa)
                  00012cbe    0000007e     MQTTDeserializePublish.obj (.text:MQTTDeserialize_ack)
                  00012d3c    0000007c     timer_a.obj (.text:Timer_A_initUpMode)
                  00012db8    0000007a     GSM.obj (.text:SendATCmd)
                  00012e32    00000076     GSM.obj (.text:Init_Http_TCP)
                  00012ea8    00000076     rts430x_lc_rd_eabi.lib : copy_decompress_lzss.c.obj (.text:decompress:lzss:__TI_decompress_lzss)
                  00012f1e    00000074     SPi_flash_Reg.obj (.text:Read_from_flash)
                  00012f92    00000072     gpio.obj (.text:GPIO_setAsPeripheralModuleFunctionInputPin)
                  00013004    00000070     Mpu.obj (.text:Init_MPU)
                  00013074    0000006a     cs.obj (.text:CS_initClockSignal)
                  000130de    0000006a     SPi_flash_Reg.obj (.text:SPI_Modify_MultipleContinuouseWrite)
                  00013148    00000068     rtc_b.obj (.text:RTC_B_initCalendar)
                  000131b0    00000068     SPi_flash_Reg.obj (.text:SPI_MultipleContinuouseRead)
                  00013218    00000066     GSM.obj (.text:TurnOn_GSM)
                  0001327e    00000064     MQTTPacket.obj (.text:writeMQTTString)
                  000132e2    00000062     GSM.obj (.text:Check_Return_Value)
                  00013344    00000062     rts430x_lc_rd_eabi.lib : atoi.c.obj (.text:atoi)
                  000133a6    00000058                            : div32u.asm.obj (.text)
                  000133fe    00000054                            : autoinit.c.obj (.text:__TI_auto_init_nobinit_nopinit_hold_wdt:__TI_auto_init_nobinit_nopinit_hold_wdt)
                  00013452    00000054                            : strtok.c.obj (.text:strtok)
                  000134a6    0000004c     MQTTPacket.obj (.text:readMQTTLenString)
                  000134f2    0000004a     Timer.obj (.text:Init_GSM_RespTimer)
                  0001353c    00000048     Timer.obj (.text:Init_GSM_MaxTimer)
                  00013584    00000048     Timer.obj (.text:Init_Wait_timer)
                  000135cc    00000048     MQTTSubscribeClient.obj (.text:MQTTSerialize_subscribeLength)
                  00013614    00000048     GSM.obj (.text:TCPConnection_Status)
                  0001365c    00000046     MQTTPacket.obj (.text:MQTTPacket_decode)
                  000136a2    00000046     MQTTPacket.obj (.text:MQTTPacket_encode)
                  000136e8    00000046     SPi_flash_Reg.obj (.text:SPI_Send_SingleCmd)
                  0001372e    00000046     GSM.obj (.text:strnstr)
                  00013774    00000042     rts430x_lc_rd_eabi.lib : memory.c.obj (.text:minit)
                  000137b6    00000040     gpio.obj (.text:GPIO_setAsInputPin)
                  000137f6    00000040     rts430x_lc_rd_eabi.lib : div32s.asm.obj (.text)
                  00013836    0000003e     GSM.obj (.text:TurnOff_Gsm)
                  00013874    0000003e     rts430x_lc_rd_eabi.lib : asr32.asm.obj (.text:l_asr_const)
                  000138b2    0000003e                            : lsl32.asm.obj (.text:l_lsl_const)
                  000138f0    0000003e     MQTTPacket.obj (.text:writeInt)
                  0001392e    0000003c     rts430x_lc_rd_eabi.lib : strstr.c.obj (.text:strstr)
                  0001396a    0000003a     rtc.obj (.text:AsciiToBcd)
                  000139a4    0000003a     cs.obj (.text:CS_turnOnLFXT)
                  000139de    00000036     SPi_flash_Reg.obj (.text:SPI_SingleByteWrite)
                  00013a14    00000034     gpio.obj (.text:GPIO_setAsOutputPin)
                  00013a48    00000034     MQTTPacket.obj (.text:MQTTPacket_len)
                  00013a7c    00000034     SPi_flash_Reg.obj (.text:SPI_SingleByteRead)
                  00013ab0    00000032     rts430x_lc_rd_eabi.lib : strncpy.c.obj (.text:strncpy)
                  00013ae2    00000030     Timer.obj (.text:wait_for_second)
                  00013b12    0000002e     rtc_b.obj (.text:RTC_B_enableInterrupt)
                  00013b40    0000002e     SPi_flash_Reg.obj (.text:SPI_Erase)
                  00013b6e    0000002e     rts430x_lc_rd_eabi.lib : strncat.c.obj (.text:strncat)
                  00013b9c    0000002e     MQTTPacket.obj (.text:writeCString)
                  00013bca    0000002c     MQTTSerializePublish.obj (.text:MQTTSerialize_publishLength)
                  00013bf6    0000002c     MQTTPacket.obj (.text:MQTTstrlen)
                  00013c22    0000002c     rtc_b.obj (.text:RTC_B_clearInterrupt)
                  00013c4e    0000002c     GSM.obj (.text:WaitExtraResp)
                  00013c7a    0000002c     MSPMPU_INIT_LIB_CCS_msp430_large_code_restricted_data.lib : mpu_init.o (.text:__mpu_init)
                  00013ca6    0000002c     rts430x_lc_rd_eabi.lib : memory.c.obj (.text:calloc)
                  00013cd2    0000002c                            : div16s.asm.obj (.text)
                  00013cfe    0000002c                            : strcspn.c.obj (.text:strcspn)
                  00013d2a    0000002a     mpu.obj (.text:MPU_clearAllInterrupts)
                  00013d54    0000002a     rts430x_lc_rd_eabi.lib : strspn.c.obj (.text:strspn)
                  00013d7e    00000026     Timer.obj (.text:Start_GSM_MaxTimer)
                  00013da4    00000026     rts430x_lc_rd_eabi.lib : memcmp.c.obj (.text:memcmp)
                  00013dca    00000024     SPi_flash_Reg.obj (.text:SPI_SerialFlash_WriteBusy)
                  00013dee    00000024     rts430x_lc_rd_eabi.lib : copy_zero_init.c.obj (.text:decompress:ZI:__TI_zero_init_nomemset:__TI_zero_init_nomemset)
                  00013e12    00000024                            : mult32_f5hw.asm.obj (.text)
                  00013e36    0000001e     rtc_b.obj (.text:RTC_B_definePrescaleEvent)
                  00013e54    0000001e     MQTTPacket.obj (.text:bufchar)
                  00013e72    0000001e     rts430x_lc_rd_eabi.lib : strcat.c.obj (.text:strcat)
                  00013e90    0000001c     gpio.obj (.text:GPIO_setOutputHighOnPin)
                  00013eac    0000001c     mpu.obj (.text:MPU_disablePUCOnViolation)
                  00013ec8    0000001c     wdt_a.obj (.text:WDT_A_resetTimer)
                  00013ee4    0000001c     wdt_a.obj (.text:WDT_A_start)
                  00013f00    0000001a     SPi_flash_Reg.obj (.text:SPI)
                  00013f1a    0000001a     GSM.obj (.text:ShutAllConnection)
                  00013f34    00000018     MQTTPacket.obj (.text:readInt)
                  00013f4c    00000018     rts430x_lc_rd_eabi.lib : mult16_f5hw.asm.obj (.text)
                  00013f64    00000016     framctl.obj (.text:FRAMCtl_configureWaitStateControl)
                  00013f7a    00000016     Uart.obj (.text:Tx_Uart0_String)
                  00013f90    00000016     Uart.obj (.text:Tx_Uart1_String)
                  00013fa6    00000016     rts430x_lc_rd_eabi.lib : memset.c.obj (.text:memset)
                  00013fbc    00000016                            : div16u.asm.obj (.text)
                  00013fd2    00000014     wdt_a.obj (.text:WDT_A_initWatchdogTimer)
                  00013fe6    00000014     GSM.obj (.text:clear_buffer)
                  00013ffa    00000006     pmm.obj (.text:PMM_unlockLPM5)

MODULE SUMMARY

       Module                       code    ro data   rw data
       ------                       ----    -------   -------
    .\
       main.obj                     518     64        161    
    +--+----------------------------+-------+---------+---------+
       Total:                       518     64        161    
                                                             
    .\MQTTPacket\
       MQTTConnectClient.obj        712     22        0      
       MQTTPacket.obj               616     0         4      
       MQTTSubscribeClient.obj      468     4         0      
       MQTTSerializePublish.obj     424     4         0      
       MQTTDeserializePublish.obj   350     4         0      
    +--+----------------------------+-------+---------+---------+
       Total:                       2570    34        4      
                                                             
    .\Source\
       GSM.obj                      4128    770       120    
       Mqtt.obj                     2188    198       1114   
       SPi_flash_Reg.obj            1710    225       259    
       App.obj                      844     192       623    
       Uart.obj                     554     56        513    
       Timer.obj                    436     48        0      
       rtc.obj                      270     10        0      
       Mpu.obj                      176     100       0      
       clock.obj                    128     0         0      
    +--+----------------------------+-------+---------+---------+
       Total:                       10434   1599      2629   
                                                             
    .\driverlib\MSP430FR5xx_6xx\
       mpu.obj                      522     0         0      
       cs.obj                       318     0         8      
       gpio.obj                     258     28        0      
       rtc_b.obj                    260     0         0      
       timer_a.obj                  144     0         0      
       wdt_a.obj                    76      0         0      
       framctl.obj                  22      0         0      
       pmm.obj                      22      0         0      
    +--+----------------------------+-------+---------+---------+
       Total:                       1622    28        8      
                                                             
    C:\ti\ccsv8\ccs_base\msp430\lib\FR59xx\MSPMPU_INIT_LIB_CCS_msp430_large_code_restricted_data.lib
       mpu_init.o                   44      0         0      
    +--+----------------------------+-------+---------+---------+
       Total:                       44      0         0      
                                                             
    C:\ti\ccsv8\tools\compiler\ti-cgt-msp430_18.1.4.LTS\lib\rts430x_lc_rd_eabi.lib
       memory.c.obj                 440     0         12     
       ctype.c.obj                  0       257       0      
       ltoa.c.obj                   128     0         0      
       copy_decompress_lzss.c.obj   118     0         0      
       atoi.c.obj                   98      0         0      
       div32u.asm.obj               88      0         0      
       strtok.c.obj                 84      0         4      
       autoinit.c.obj               84      0         0      
       div32s.asm.obj               64      0         0      
       asr32.asm.obj                62      0         0      
       lsl32.asm.obj                62      0         0      
       strstr.c.obj                 60      0         0      
       strncpy.c.obj                50      0         0      
       strncat.c.obj                46      0         0      
       div16s.asm.obj               44      0         0      
       strcspn.c.obj                44      0         0      
       strspn.c.obj                 42      0         0      
       memcmp.c.obj                 38      0         0      
       copy_zero_init.c.obj         36      0         0      
       mult32_f5hw.asm.obj          36      0         0      
       boot.c.obj                   32      2         0      
       strcat.c.obj                 30      0         0      
       mult16_f5hw.asm.obj          24      0         0      
       div16u.asm.obj               22      0         0      
       memset.c.obj                 22      0         0      
       memcpy.c.obj                 20      0         0      
       copy_decompress_none.c.obj   18      0         0      
       strcpy.c.obj                 18      0         0      
       strlen.c.obj                 14      0         0      
       _lock.c.obj                  2       0         8      
       abs.c.obj                    10      0         0      
       isr_trap.asm.obj             8       0         0      
       exit.c.obj                   6       0         0      
       pre_init.c.obj               4       0         0      
       int30.asm.obj                0       2         0      
       int32.asm.obj                0       2         0      
       int33.asm.obj                0       2         0      
       int34.asm.obj                0       2         0      
       int35.asm.obj                0       2         0      
       int36.asm.obj                0       2         0      
       int37.asm.obj                0       2         0      
       int39.asm.obj                0       2         0      
       int40.asm.obj                0       2         0      
       int42.asm.obj                0       2         0      
       int44.asm.obj                0       2         0      
       int46.asm.obj                0       2         0      
       int47.asm.obj                0       2         0      
       int49.asm.obj                0       2         0      
       int50.asm.obj                0       2         0      
       int51.asm.obj                0       2         0      
       int52.asm.obj                0       2         0      
       int53.asm.obj                0       2         0      
       startup.c.obj                2       0         0      
    +--+----------------------------+-------+---------+---------+
       Total:                       1856    295       24     
                                                             
       Heap:                        0       0         1024   
       Stack:                       0       0         512    
       Linker Generated:            0       91        0      
    +--+----------------------------+-------+---------+---------+
       Grand Total:                 17044   2111      4362   


LINKER GENERATED COPY TABLES

__TI_cinit_table @ 00005e92 records: 2, size/record: 8, table size: 16
	.data: load addr=00005e46, load size=00000039 bytes, run addr=00001c00, run size=000001ae bytes, compression=lzss
	.bss: load addr=00005e8c, load size=00000006 bytes, run addr=00001dae, run size=0000002a bytes, compression=zero_init


LINKER GENERATED HANDLER TABLE

__TI_handler_table @ 00005e80 records: 3, size/record: 4, table size: 12
	index: 0, handler: __TI_zero_init
	index: 1, handler: __TI_decompress_lzss
	index: 2, handler: __TI_decompress_none


GLOBAL SYMBOLS: SORTED ALPHABETICALLY BY Name 

address   name                                      
-------   ----                                      
00000800  ADC12CTL0                                 
00000801  ADC12CTL0_H                               
00000800  ADC12CTL0_L                               
00000802  ADC12CTL1                                 
00000803  ADC12CTL1_H                               
00000802  ADC12CTL1_L                               
00000804  ADC12CTL2                                 
00000805  ADC12CTL2_H                               
00000804  ADC12CTL2_L                               
00000806  ADC12CTL3                                 
00000807  ADC12CTL3_H                               
00000806  ADC12CTL3_L                               
0000080a  ADC12HI                                   
0000080b  ADC12HI_H                                 
0000080a  ADC12HI_L                                 
00000812  ADC12IER0                                 
00000813  ADC12IER0_H                               
00000812  ADC12IER0_L                               
00000814  ADC12IER1                                 
00000815  ADC12IER1_H                               
00000814  ADC12IER1_L                               
00000816  ADC12IER2                                 
00000817  ADC12IER2_H                               
00000816  ADC12IER2_L                               
0000080c  ADC12IFGR0                                
0000080d  ADC12IFGR0_H                              
0000080c  ADC12IFGR0_L                              
0000080e  ADC12IFGR1                                
0000080f  ADC12IFGR1_H                              
0000080e  ADC12IFGR1_L                              
00000810  ADC12IFGR2                                
00000811  ADC12IFGR2_H                              
00000810  ADC12IFGR2_L                              
00000818  ADC12IV                                   
00000819  ADC12IV_H                                 
00000818  ADC12IV_L                                 
00000808  ADC12LO                                   
00000809  ADC12LO_H                                 
00000808  ADC12LO_L                                 
00000820  ADC12MCTL0                                
00000821  ADC12MCTL0_H                              
00000820  ADC12MCTL0_L                              
00000822  ADC12MCTL1                                
00000834  ADC12MCTL10                               
00000835  ADC12MCTL10_H                             
00000834  ADC12MCTL10_L                             
00000836  ADC12MCTL11                               
00000837  ADC12MCTL11_H                             
00000836  ADC12MCTL11_L                             
00000838  ADC12MCTL12                               
00000839  ADC12MCTL12_H                             
00000838  ADC12MCTL12_L                             
0000083a  ADC12MCTL13                               
0000083b  ADC12MCTL13_H                             
0000083a  ADC12MCTL13_L                             
0000083c  ADC12MCTL14                               
0000083d  ADC12MCTL14_H                             
0000083c  ADC12MCTL14_L                             
0000083e  ADC12MCTL15                               
0000083f  ADC12MCTL15_H                             
0000083e  ADC12MCTL15_L                             
00000840  ADC12MCTL16                               
00000841  ADC12MCTL16_H                             
00000840  ADC12MCTL16_L                             
00000842  ADC12MCTL17                               
00000843  ADC12MCTL17_H                             
00000842  ADC12MCTL17_L                             
00000844  ADC12MCTL18                               
00000845  ADC12MCTL18_H                             
00000844  ADC12MCTL18_L                             
00000846  ADC12MCTL19                               
00000847  ADC12MCTL19_H                             
00000846  ADC12MCTL19_L                             
00000823  ADC12MCTL1_H                              
00000822  ADC12MCTL1_L                              
00000824  ADC12MCTL2                                
00000848  ADC12MCTL20                               
00000849  ADC12MCTL20_H                             
00000848  ADC12MCTL20_L                             
0000084a  ADC12MCTL21                               
0000084b  ADC12MCTL21_H                             
0000084a  ADC12MCTL21_L                             
0000084c  ADC12MCTL22                               
0000084d  ADC12MCTL22_H                             
0000084c  ADC12MCTL22_L                             
0000084e  ADC12MCTL23                               
0000084f  ADC12MCTL23_H                             
0000084e  ADC12MCTL23_L                             
00000850  ADC12MCTL24                               
00000851  ADC12MCTL24_H                             
00000850  ADC12MCTL24_L                             
00000852  ADC12MCTL25                               
00000853  ADC12MCTL25_H                             
00000852  ADC12MCTL25_L                             
00000854  ADC12MCTL26                               
00000855  ADC12MCTL26_H                             
00000854  ADC12MCTL26_L                             
00000856  ADC12MCTL27                               
00000857  ADC12MCTL27_H                             
00000856  ADC12MCTL27_L                             
00000858  ADC12MCTL28                               
00000859  ADC12MCTL28_H                             
00000858  ADC12MCTL28_L                             
0000085a  ADC12MCTL29                               
0000085b  ADC12MCTL29_H                             
0000085a  ADC12MCTL29_L                             
00000825  ADC12MCTL2_H                              
00000824  ADC12MCTL2_L                              
00000826  ADC12MCTL3                                
0000085c  ADC12MCTL30                               
0000085d  ADC12MCTL30_H                             
0000085c  ADC12MCTL30_L                             
0000085e  ADC12MCTL31                               
0000085f  ADC12MCTL31_H                             
0000085e  ADC12MCTL31_L                             
00000827  ADC12MCTL3_H                              
00000826  ADC12MCTL3_L                              
00000828  ADC12MCTL4                                
00000829  ADC12MCTL4_H                              
00000828  ADC12MCTL4_L                              
0000082a  ADC12MCTL5                                
0000082b  ADC12MCTL5_H                              
0000082a  ADC12MCTL5_L                              
0000082c  ADC12MCTL6                                
0000082d  ADC12MCTL6_H                              
0000082c  ADC12MCTL6_L                              
0000082e  ADC12MCTL7                                
0000082f  ADC12MCTL7_H                              
0000082e  ADC12MCTL7_L                              
00000830  ADC12MCTL8                                
00000831  ADC12MCTL8_H                              
00000830  ADC12MCTL8_L                              
00000832  ADC12MCTL9                                
00000833  ADC12MCTL9_H                              
00000832  ADC12MCTL9_L                              
00000860  ADC12MEM0                                 
00000861  ADC12MEM0_H                               
00000860  ADC12MEM0_L                               
00000862  ADC12MEM1                                 
00000874  ADC12MEM10                                
00000875  ADC12MEM10_H                              
00000874  ADC12MEM10_L                              
00000876  ADC12MEM11                                
00000877  ADC12MEM11_H                              
00000876  ADC12MEM11_L                              
00000878  ADC12MEM12                                
00000879  ADC12MEM12_H                              
00000878  ADC12MEM12_L                              
0000087a  ADC12MEM13                                
0000087b  ADC12MEM13_H                              
0000087a  ADC12MEM13_L                              
0000087c  ADC12MEM14                                
0000087d  ADC12MEM14_H                              
0000087c  ADC12MEM14_L                              
0000087e  ADC12MEM15                                
0000087f  ADC12MEM15_H                              
0000087e  ADC12MEM15_L                              
00000880  ADC12MEM16                                
00000881  ADC12MEM16_H                              
00000880  ADC12MEM16_L                              
00000882  ADC12MEM17                                
00000883  ADC12MEM17_H                              
00000882  ADC12MEM17_L                              
00000884  ADC12MEM18                                
00000885  ADC12MEM18_H                              
00000884  ADC12MEM18_L                              
00000886  ADC12MEM19                                
00000887  ADC12MEM19_H                              
00000886  ADC12MEM19_L                              
00000863  ADC12MEM1_H                               
00000862  ADC12MEM1_L                               
00000864  ADC12MEM2                                 
00000888  ADC12MEM20                                
00000889  ADC12MEM20_H                              
00000888  ADC12MEM20_L                              
0000088a  ADC12MEM21                                
0000088b  ADC12MEM21_H                              
0000088a  ADC12MEM21_L                              
0000088c  ADC12MEM22                                
0000088d  ADC12MEM22_H                              
0000088c  ADC12MEM22_L                              
0000088e  ADC12MEM23                                
0000088f  ADC12MEM23_H                              
0000088e  ADC12MEM23_L                              
00000890  ADC12MEM24                                
00000891  ADC12MEM24_H                              
00000890  ADC12MEM24_L                              
00000892  ADC12MEM25                                
00000893  ADC12MEM25_H                              
00000892  ADC12MEM25_L                              
00000894  ADC12MEM26                                
00000895  ADC12MEM26_H                              
00000894  ADC12MEM26_L                              
00000896  ADC12MEM27                                
00000897  ADC12MEM27_H                              
00000896  ADC12MEM27_L                              
00000898  ADC12MEM28                                
00000899  ADC12MEM28_H                              
00000898  ADC12MEM28_L                              
0000089a  ADC12MEM29                                
0000089b  ADC12MEM29_H                              
0000089a  ADC12MEM29_L                              
00000865  ADC12MEM2_H                               
00000864  ADC12MEM2_L                               
00000866  ADC12MEM3                                 
0000089c  ADC12MEM30                                
0000089d  ADC12MEM30_H                              
0000089c  ADC12MEM30_L                              
0000089e  ADC12MEM31                                
0000089f  ADC12MEM31_H                              
0000089e  ADC12MEM31_L                              
00000867  ADC12MEM3_H                               
00000866  ADC12MEM3_L                               
00000868  ADC12MEM4                                 
00000869  ADC12MEM4_H                               
00000868  ADC12MEM4_L                               
0000086a  ADC12MEM5                                 
0000086b  ADC12MEM5_H                               
0000086a  ADC12MEM5_L                               
0000086c  ADC12MEM6                                 
0000086d  ADC12MEM6_H                               
0000086c  ADC12MEM6_L                               
0000086e  ADC12MEM7                                 
0000086f  ADC12MEM7_H                               
0000086e  ADC12MEM7_L                               
00000870  ADC12MEM8                                 
00000871  ADC12MEM8_H                               
00000870  ADC12MEM8_L                               
00000872  ADC12MEM9                                 
00000873  ADC12MEM9_H                               
00000872  ADC12MEM9_L                               
000009c0  AESACTL0                                  
000009c1  AESACTL0_H                                
000009c0  AESACTL0_L                                
000009c2  AESACTL1                                  
000009c3  AESACTL1_H                                
000009c2  AESACTL1_L                                
000009c8  AESADIN                                   
000009c9  AESADIN_H                                 
000009c8  AESADIN_L                                 
000009ca  AESADOUT                                  
000009cb  AESADOUT_H                                
000009ca  AESADOUT_L                                
000009c6  AESAKEY                                   
000009c7  AESAKEY_H                                 
000009c6  AESAKEY_L                                 
000009c4  AESASTAT                                  
000009c5  AESASTAT_H                                
000009c4  AESASTAT_L                                
000009cc  AESAXDIN                                  
000009cd  AESAXDIN_H                                
000009cc  AESAXDIN_L                                
000009ce  AESAXIN                                   
000009cf  AESAXIN_H                                 
000009ce  AESAXIN_L                                 
00004c00  APP_Com_Buf                               
00001dca  ATCmd                                     
00001dcb  ATMaxtry                                  
00001d98  AT_cmd_num                                
0001396a  AsciiToBcd                                
000004be  BCD2BIN                                   
000004bc  BIN2BCD                                   
00005686  C$$EXIT                                   
0000043e  CAPTIO0CTL                                
0000043f  CAPTIO0CTL_H                              
0000043e  CAPTIO0CTL_L                              
0000047e  CAPTIO1CTL                                
0000047f  CAPTIO1CTL_H                              
0000047e  CAPTIO1CTL_L                              
000008c0  CECTL0                                    
000008c1  CECTL0_H                                  
000008c0  CECTL0_L                                  
000008c2  CECTL1                                    
000008c3  CECTL1_H                                  
000008c2  CECTL1_L                                  
000008c4  CECTL2                                    
000008c5  CECTL2_H                                  
000008c4  CECTL2_L                                  
000008c6  CECTL3                                    
000008c7  CECTL3_H                                  
000008c6  CECTL3_L                                  
000008cc  CEINT                                     
000008cd  CEINT_H                                   
000008cc  CEINT_L                                   
000008ce  CEIV                                      
000008cf  CEIV_H                                    
000008ce  CEIV_L                                    
00000150  CRCDI                                     
00000152  CRCDIRB                                   
00000153  CRCDIRB_H                                 
00000152  CRCDIRB_L                                 
00000151  CRCDI_H                                   
00000150  CRCDI_L                                   
00000154  CRCINIRES                                 
00000155  CRCINIRES_H                               
00000154  CRCINIRES_L                               
00000156  CRCRESR                                   
00000157  CRCRESR_H                                 
00000156  CRCRESR_L                                 
00000160  CSCTL0                                    
00000161  CSCTL0_H                                  
00000160  CSCTL0_L                                  
00000162  CSCTL1                                    
00000163  CSCTL1_H                                  
00000162  CSCTL1_L                                  
00000164  CSCTL2                                    
00000165  CSCTL2_H                                  
00000164  CSCTL2_L                                  
00000166  CSCTL3                                    
00000167  CSCTL3_H                                  
00000166  CSCTL3_L                                  
00000168  CSCTL4                                    
00000169  CSCTL4_H                                  
00000168  CSCTL4_L                                  
0000016a  CSCTL5                                    
0000016b  CSCTL5_H                                  
0000016a  CSCTL5_L                                  
0000016c  CSCTL6                                    
0000016d  CSCTL6_H                                  
0000016c  CSCTL6_L                                  
00013074  CS_initClockSignal                        
00005562  CS_setExternalClockSource                 
00012a34  CS_turnOnHFXT                             
000139a4  CS_turnOnLFXT                             
00001d99  CheckNet_State                            
000132e2  Check_Return_Value                        
000120e6  Check_network                             
00004d30  CloudSendAddress                          
00004c64  Common_Buffer_G                           
00004400  ConnectCallBuffer                         
00011c82  Connect_To_Broker                         
00001d69  Connect_To_Broker_State                   
00001d02  ConnnectPacket                            
00000510  DMA0CTL                                   
00000511  DMA0CTL_H                                 
00000510  DMA0CTL_L                                 
00000516  DMA0DA                                    
00000518  DMA0DAH                                   
00000516  DMA0DAL                                   
00000512  DMA0SA                                    
00000514  DMA0SAH                                   
00000512  DMA0SAL                                   
0000051a  DMA0SZ                                    
00000520  DMA1CTL                                   
00000521  DMA1CTL_H                                 
00000520  DMA1CTL_L                                 
00000526  DMA1DA                                    
00000528  DMA1DAH                                   
00000526  DMA1DAL                                   
00000522  DMA1SA                                    
00000524  DMA1SAH                                   
00000522  DMA1SAL                                   
0000052a  DMA1SZ                                    
00000530  DMA2CTL                                   
00000531  DMA2CTL_H                                 
00000530  DMA2CTL_L                                 
00000536  DMA2DA                                    
00000538  DMA2DAH                                   
00000536  DMA2DAL                                   
00000532  DMA2SA                                    
00000534  DMA2SAH                                   
00000532  DMA2SAL                                   
0000053a  DMA2SZ                                    
00000500  DMACTL0                                   
00000501  DMACTL0_H                                 
00000500  DMACTL0_L                                 
00000502  DMACTL1                                   
00000503  DMACTL1_H                                 
00000502  DMACTL1_L                                 
00000504  DMACTL2                                   
00000505  DMACTL2_H                                 
00000504  DMACTL2_L                                 
00000506  DMACTL3                                   
00000507  DMACTL3_H                                 
00000506  DMACTL3_L                                 
00000508  DMACTL4                                   
00000509  DMACTL4_H                                 
00000508  DMACTL4_L                                 
0000050e  DMAIV                                     
0000050f  DMAIV_H                                   
0000050e  DMAIV_L                                   
00001dbc  Erase_Sector                              
00004d34  FC                                        
00013f64  FRAMCtl_configureWaitStateControl         
00000140  FRCTL0                                    
00000141  FRCTL0_H                                  
00000140  FRCTL0_L                                  
00004d2c  FlashWriteAdrress                         
00001dcc  Flash_State                               
00000144  GCCTL0                                    
00000145  GCCTL0_H                                  
00000144  GCCTL0_L                                  
00000146  GCCTL1                                    
00000147  GCCTL1_H                                  
00000146  GCCTL1_L                                  
000137b6  GPIO_setAsInputPin                        
00013a14  GPIO_setAsOutputPin                       
00012f92  GPIO_setAsPeripheralModuleFunctionInputPin
00013e90  GPIO_setOutputHighOnPin                   
00001dcd  GSMCmdtimout                              
00004600  GSM_Buffer                                
00001dc0  GSM_Buffer_Index                          
00001dce  GSM_Buffer_Ready                          
00005440  GSM_UART                                  
00001dc2  GSMmaxCounter                             
00001dc4  GSMmaxTime                                
00001dcf  GSMmaxTimerOn                             
0001287e  Increment_CloudSendAddress                
00012b3e  Init_Clock                                
0001181c  Init_Device                               
00010944  Init_GSM                                  
0001353c  Init_GSM_MaxTimer                         
000134f2  Init_GSM_RespTimer                        
000126a6  Init_HTTP                                 
00001d9b  Init_Http_State                           
00012e32  Init_Http_TCP                             
00001d9c  Init_Http_Tcp_State                       
00013004  Init_MPU                                  
0001255a  Init_RTC                                  
00012274  Init_Tcp                                  
00001d9a  Init_Tcp_state                            
0001125e  Init_Uart                                 
00013584  Init_Wait_timer                           
000113fa  Insert_into_flash                         
000004c4  MAC                                       
000004da  MAC32H                                    
000004db  MAC32H_H                                  
000004da  MAC32H_L                                  
000004d8  MAC32L                                    
000004d9  MAC32L_H                                  
000004d8  MAC32L_L                                  
000004c6  MACS                                      
000004de  MACS32H                                   
000004df  MACS32H_H                                 
000004de  MACS32H_L                                 
000004dc  MACS32L                                   
000004dd  MACS32L_H                                 
000004dc  MACS32L_L                                 
000004c7  MACS_H                                    
000004c6  MACS_L                                    
000004c5  MAC_H                                     
000004c4  MAC_L                                     
000005a0  MPUCTL0                                   
000005a1  MPUCTL0_H                                 
000005a0  MPUCTL0_L                                 
000005a2  MPUCTL1                                   
000005a3  MPUCTL1_H                                 
000005a2  MPUCTL1_L                                 
000005aa  MPUIPC0                                   
000005ab  MPUIPC0_H                                 
000005aa  MPUIPC0_L                                 
000005ae  MPUIPSEGB1                                
000005af  MPUIPSEGB1_H                              
000005ae  MPUIPSEGB1_L                              
000005ac  MPUIPSEGB2                                
000005ad  MPUIPSEGB2_H                              
000005ac  MPUIPSEGB2_L                              
000005a8  MPUSAM                                    
000005a9  MPUSAM_H                                  
000005a8  MPUSAM_L                                  
000005a6  MPUSEGB1                                  
000005a7  MPUSEGB1_H                                
000005a6  MPUSEGB1_L                                
000005a4  MPUSEGB2                                  
000005a5  MPUSEGB2_H                                
000005a4  MPUSEGB2_L                                
00013d2a  MPU_clearAllInterrupts                    
00013eac  MPU_disablePUCOnViolation                 
00005574  MPU_enableNMIevent                        
00010f20  MPU_initThreeSegments                     
00005586  MPU_start                                 
000004c0  MPY                                       
000004ec  MPY32CTL0                                 
000004ed  MPY32CTL0_H                               
000004ec  MPY32CTL0_L                               
000004d2  MPY32H                                    
000004d3  MPY32H_H                                  
000004d2  MPY32H_L                                  
000004d0  MPY32L                                    
000004d1  MPY32L_H                                  
000004d0  MPY32L_L                                  
000004c2  MPYS                                      
000004d6  MPYS32H                                   
000004d7  MPYS32H_H                                 
000004d6  MPYS32H_L                                 
000004d4  MPYS32L                                   
000004d5  MPYS32L_H                                 
000004d4  MPYS32L_L                                 
000004c3  MPYS_H                                    
000004c2  MPYS_L                                    
000004c1  MPY_H                                     
000004c0  MPY_L                                     
00012cbe  MQTTDeserialize_ack                       
000127e6  MQTTDeserialize_connack                   
00011e58  MQTTDeserialize_publish                   
00012330  MQTTDeserialize_suback                    
0001365c  MQTTPacket_decode                         
000055f0  MQTTPacket_decodeBuf                      
000136a2  MQTTPacket_encode                         
00013a48  MQTTPacket_len                            
000116dc  MQTTSendPacket                            
00012abc  MQTTSerialize_ack                         
000110c0  MQTTSerialize_connect                     
00012914  MQTTSerialize_connectLength               
00005598  MQTTSerialize_puback                      
00011d70  MQTTSerialize_publish                     
00013bca  MQTTSerialize_publishLength               
00012016  MQTTSerialize_subscribe                   
000135cc  MQTTSerialize_subscribeLength             
00001d73  MQTTsendPacket_State                      
00013bf6  MQTTstrlen                                
00001d7b  MQtt_Funcretry                            
00001d76  MQtt_Packet_response                      
00001d78  MQttpacketlen                             
00001d7c  Main_State                                
00004800  Mqtt_Com_Buf                              
000121b2  Mqtt_Connection_Established               
00001d72  Mqtt_Connection_Established_State         
00011f38  Mqtt_return_value                         
000004c8  OP2                                       
000004e2  OP2H                                      
000004e3  OP2H_H                                    
000004e2  OP2H_L                                    
000004e0  OP2L                                      
000004e1  OP2L_H                                    
000004e0  OP2L_L                                    
000004c9  OP2_H                                     
000004c8  OP2_L                                     
0000020e  P1IV                                      
0000021e  P2IV                                      
0000022e  P3IV                                      
0000023e  P4IV                                      
00000204  PADIR                                     
00000205  PADIR_H                                   
00000204  PADIR_L                                   
0000021a  PAIE                                      
00000218  PAIES                                     
00000219  PAIES_H                                   
00000218  PAIES_L                                   
0000021b  PAIE_H                                    
0000021a  PAIE_L                                    
0000021c  PAIFG                                     
0000021d  PAIFG_H                                   
0000021c  PAIFG_L                                   
00000200  PAIN                                      
00000201  PAIN_H                                    
00000200  PAIN_L                                    
00000202  PAOUT                                     
00000203  PAOUT_H                                   
00000202  PAOUT_L                                   
00000206  PAREN                                     
00000207  PAREN_H                                   
00000206  PAREN_L                                   
0000020a  PASEL0                                    
0000020b  PASEL0_H                                  
0000020a  PASEL0_L                                  
0000020c  PASEL1                                    
0000020d  PASEL1_H                                  
0000020c  PASEL1_L                                  
00000216  PASELC                                    
00000217  PASELC_H                                  
00000216  PASELC_L                                  
00000224  PBDIR                                     
00000225  PBDIR_H                                   
00000224  PBDIR_L                                   
0000023a  PBIE                                      
00000238  PBIES                                     
00000239  PBIES_H                                   
00000238  PBIES_L                                   
0000023b  PBIE_H                                    
0000023a  PBIE_L                                    
0000023c  PBIFG                                     
0000023d  PBIFG_H                                   
0000023c  PBIFG_L                                   
00000220  PBIN                                      
00000221  PBIN_H                                    
00000220  PBIN_L                                    
00000222  PBOUT                                     
00000223  PBOUT_H                                   
00000222  PBOUT_L                                   
00000226  PBREN                                     
00000227  PBREN_H                                   
00000226  PBREN_L                                   
0000022a  PBSEL0                                    
0000022b  PBSEL0_H                                  
0000022a  PBSEL0_L                                  
0000022c  PBSEL1                                    
0000022d  PBSEL1_H                                  
0000022c  PBSEL1_L                                  
00000236  PBSELC                                    
00000237  PBSELC_H                                  
00000236  PBSELC_L                                  
00000324  PJDIR                                     
00000325  PJDIR_H                                   
00000324  PJDIR_L                                   
00000320  PJIN                                      
00000321  PJIN_H                                    
00000320  PJIN_L                                    
00000322  PJOUT                                     
00000323  PJOUT_H                                   
00000322  PJOUT_L                                   
00000326  PJREN                                     
00000327  PJREN_H                                   
00000326  PJREN_L                                   
0000032a  PJSEL0                                    
0000032b  PJSEL0_H                                  
0000032a  PJSEL0_L                                  
0000032c  PJSEL1                                    
0000032d  PJSEL1_H                                  
0000032c  PJSEL1_L                                  
00000336  PJSELC                                    
00000337  PJSELC_H                                  
00000336  PJSELC_L                                  
00000130  PM5CTL0                                   
00000131  PM5CTL0_H                                 
00000130  PM5CTL0_L                                 
00000120  PMMCTL0                                   
00000121  PMMCTL0_H                                 
00000120  PMMCTL0_L                                 
0000012a  PMMIFG                                    
0000012b  PMMIFG_H                                  
0000012a  PMMIFG_L                                  
000055e0  PMM_trigBOR                               
00013ffa  PMM_unlockLPM5                            
00001d6c  Packet_len                                
00001dd0  PcktID_send                               
000106a2  Proccess_Unsolicated_Response             
00010000  ProcessGSMResp                            
00010d6e  Process_SubcribeMsg                       
00001dd1  Processing_unsolic_msg                    
00001d7a  PubQos                                    
00012600  Publish                                   
00001d75  Publish_State                             
000001b0  REFCTL0                                   
000001b1  REFCTL0_H                                 
000001b0  REFCTL0_L                                 
000004e4  RES0                                      
000004e5  RES0_H                                    
000004e4  RES0_L                                    
000004e6  RES1                                      
000004e7  RES1_H                                    
000004e6  RES1_L                                    
000004e8  RES2                                      
000004e9  RES2_H                                    
000004e8  RES2_L                                    
000004ea  RES3                                      
000004eb  RES3_H                                    
000004ea  RES3_L                                    
000004cc  RESHI                                     
000004cd  RESHI_H                                   
000004cc  RESHI_L                                   
000004ca  RESLO                                     
000004cb  RESLO_H                                   
000004ca  RESLO_L                                   
000004ba  RTCADOWDAY                                
000004bb  RTCADOWDAY_H                              
000004ba  RTCADOWDAY_L                              
000004b8  RTCAMINHR                                 
000004b9  RTCAMINHR_H                               
000004b8  RTCAMINHR_L                               
000004a0  RTCCTL01                                  
000004a1  RTCCTL01_H                                
000004a0  RTCCTL01_L                                
000004a2  RTCCTL23                                  
000004a3  RTCCTL23_H                                
000004a2  RTCCTL23_L                                
000004b4  RTCDATE                                   
000004b5  RTCDATE_H                                 
000004b4  RTCDATE_L                                 
000004ae  RTCIV                                     
000004ac  RTCPS                                     
000004a8  RTCPS0CTL                                 
000004a9  RTCPS0CTL_H                               
000004a8  RTCPS0CTL_L                               
000004aa  RTCPS1CTL                                 
000004ab  RTCPS1CTL_H                               
000004aa  RTCPS1CTL_L                               
000004ad  RTCPS_H                                   
000004ac  RTCPS_L                                   
000004b0  RTCTIM0                                   
000004b1  RTCTIM0_H                                 
000004b0  RTCTIM0_L                                 
000004b2  RTCTIM1                                   
000004b3  RTCTIM1_H                                 
000004b2  RTCTIM1_L                                 
000004b6  RTCYEAR                                   
000004b7  RTCYEAR_H                                 
000004b6  RTCYEAR_L                                 
00013c22  RTC_B_clearInterrupt                      
00013e36  RTC_B_definePrescaleEvent                 
00013b12  RTC_B_enableInterrupt                     
00005644  RTC_B_holdClock                           
00013148  RTC_B_initCalendar                        
00005650  RTC_B_setCalendarEvent                    
0000565c  RTC_B_startClock                          
00001dd2  RTC_Counter                               
00005478  RTC_ISR                                   
00012f1e  Read_from_flash                           
00001dd3  Resp_received                             
0001157e  SATRT_TCP_UDP_SSL_CONNECTION              
00000100  SFRIE1                                    
00000101  SFRIE1_H                                  
00000100  SFRIE1_L                                  
00000102  SFRIFG1                                   
00000103  SFRIFG1_H                                 
00000102  SFRIFG1_L                                 
00000104  SFRRPCR                                   
00000105  SFRRPCR_H                                 
00000104  SFRRPCR_L                                 
00013f00  SPI                                       
00012748  SPI_CheckAndWriteIntoFlash                
00005e28  SPI_DisableProtection                     
00013b40  SPI_Erase                                 
00012bbe  SPI_Init                                  
00005e44  SPI_Manf_ID                               
00011a7a  SPI_ModifyWrite_Flash                     
000130de  SPI_Modify_MultipleContinuouseWrite       
000131b0  SPI_MultipleContinuouseRead               
00005e2c  SPI_Powerof2                              
000136e8  SPI_Send_SingleCmd                        
00013dca  SPI_SerialFlash_WriteBusy                 
00013a7c  SPI_SingleByteRead                        
000139de  SPI_SingleByteWrite                       
000004ce  SUMEXT                                    
000004cf  SUMEXT_H                                  
000004ce  SUMEXT_L                                  
00000180  SYSCTL                                    
00000181  SYSCTL_H                                  
00000180  SYSCTL_L                                  
00000186  SYSJMBC                                   
00000187  SYSJMBC_H                                 
00000186  SYSJMBC_L                                 
00000188  SYSJMBI0                                  
00000189  SYSJMBI0_H                                
00000188  SYSJMBI0_L                                
0000018a  SYSJMBI1                                  
0000018b  SYSJMBI1_H                                
0000018a  SYSJMBI1_L                                
0000018c  SYSJMBO0                                  
0000018d  SYSJMBO0_H                                
0000018c  SYSJMBO0_L                                
0000018e  SYSJMBO1                                  
0000018f  SYSJMBO1_H                                
0000018e  SYSJMBO1_L                                
00005400  SYSNMI_ISR                                
0000019e  SYSRSTIV                                  
0000019f  SYSRSTIV_H                                
0000019e  SYSRSTIV_L                                
0000019c  SYSSNIV                                   
0000019d  SYSSNIV_H                                 
0000019c  SYSSNIV_L                                 
0000019a  SYSUNIV                                   
0000019b  SYSUNIV_H                                 
0000019a  SYSUNIV_L                                 
00012db8  SendATCmd                                 
00011954  Send_Data_to_Cloud                        
00001d6a  Send_Data_to_Cloud_State                  
00001d80  Sending_cnt                               
00004a00  Serialised_Buffer                         
00013f1a  ShutAllConnection                         
00001dc6  SleepCounter                              
00001dc8  SleepTime                                 
00001dd4  SleepTimerOn                              
00001dd5  Start_Buffering                           
00013d7e  Start_GSM_MaxTimer                        
000055aa  Stop_GSM_MaxTimer                         
000124a8  Subscribe                                 
00001d74  Subscribe_State                           
00001dd6  Sync_Occured                              
00000352  TA0CCR0                                   
00000354  TA0CCR1                                   
[...]
0000088c  ADC12MEM22_L                              
0000088d  ADC12MEM22_H                              
0000088e  ADC12MEM23                                
0000088e  ADC12MEM23_L                              
0000088f  ADC12MEM23_H                              
00000890  ADC12MEM24                                
00000890  ADC12MEM24_L                              
00000891  ADC12MEM24_H                              
00000892  ADC12MEM25                                
00000892  ADC12MEM25_L                              
00000893  ADC12MEM25_H                              
00000894  ADC12MEM26                                
00000894  ADC12MEM26_L                              
00000895  ADC12MEM26_H                              
00000896  ADC12MEM27                                
00000896  ADC12MEM27_L                              
00000897  ADC12MEM27_H                              
00000898  ADC12MEM28                                
00000898  ADC12MEM28_L                              
00000899  ADC12MEM28_H                              
0000089a  ADC12MEM29                                
0000089a  ADC12MEM29_L                              
0000089b  ADC12MEM29_H                              
0000089c  ADC12MEM30                                
0000089c  ADC12MEM30_L                              
0000089d  ADC12MEM30_H                              
0000089e  ADC12MEM31                                
0000089e  ADC12MEM31_L                              
0000089f  ADC12MEM31_H                              
000008c0  CECTL0                                    
000008c0  CECTL0_L                                  
000008c1  CECTL0_H                                  
000008c2  CECTL1                                    
000008c2  CECTL1_L                                  
000008c3  CECTL1_H                                  
000008c4  CECTL2                                    
000008c4  CECTL2_L                                  
000008c5  CECTL2_H                                  
000008c6  CECTL3                                    
000008c6  CECTL3_L                                  
000008c7  CECTL3_H                                  
000008cc  CEINT                                     
000008cc  CEINT_L                                   
000008cd  CEINT_H                                   
000008ce  CEIV                                      
000008ce  CEIV_L                                    
000008cf  CEIV_H                                    
000009c0  AESACTL0                                  
000009c0  AESACTL0_L                                
000009c1  AESACTL0_H                                
000009c2  AESACTL1                                  
000009c2  AESACTL1_L                                
000009c3  AESACTL1_H                                
000009c4  AESASTAT                                  
000009c4  AESASTAT_L                                
000009c5  AESASTAT_H                                
000009c6  AESAKEY                                   
000009c6  AESAKEY_L                                 
000009c7  AESAKEY_H                                 
000009c8  AESADIN                                   
000009c8  AESADIN_L                                 
000009c9  AESADIN_H                                 
000009ca  AESADOUT                                  
000009ca  AESADOUT_L                                
000009cb  AESADOUT_H                                
000009cc  AESAXDIN                                  
000009cc  AESAXDIN_L                                
000009cd  AESAXDIN_H                                
000009ce  AESAXIN                                   
000009ce  AESAXIN_L                                 
000009cf  AESAXIN_H                                 
00001513  mpu_sam_value                             
00001c00  readBackBuffer                            
00001d01  ch                                        
00001d02  ConnnectPacket                            
00001d48  reqSock                                   
00001d58  tmp                                       
00001d68  temp                                      
00001d69  Connect_To_Broker_State                   
00001d6a  Send_Data_to_Cloud_State                  
00001d6b  failed_retry                              
00001d6c  Packet_len                                
00001d6e  i                                         
00001d72  Mqtt_Connection_Established_State         
00001d73  MQTTsendPacket_State                      
00001d74  Subscribe_State                           
00001d75  Publish_State                             
00001d76  MQtt_Packet_response                      
00001d78  MQttpacketlen                             
00001d7a  PubQos                                    
00001d7b  MQtt_Funcretry                            
00001d7c  Main_State                                
00001d7e  rval                                      
00001d80  Sending_cnt                               
00001d84  l                                         
00001d86  topicString                               
00001d98  AT_cmd_num                                
00001d99  CheckNet_State                            
00001d9a  Init_Tcp_state                            
00001d9b  Init_Http_State                           
00001d9c  Init_Http_Tcp_State                       
00001d9e  _lock                                     
00001da2  _unlock                                   
00001dac  stat                                      
00001dbc  Erase_Sector                              
00001dc0  GSM_Buffer_Index                          
00001dc2  GSMmaxCounter                             
00001dc4  GSMmaxTime                                
00001dc6  SleepCounter                              
00001dc8  SleepTime                                 
00001dca  ATCmd                                     
00001dcb  ATMaxtry                                  
00001dcc  Flash_State                               
00001dcd  GSMCmdtimout                              
00001dce  GSM_Buffer_Ready                          
00001dcf  GSMmaxTimerOn                             
00001dd0  PcktID_send                               
00001dd1  Processing_unsolic_msg                    
00001dd2  RTC_Counter                               
00001dd3  Resp_received                             
00001dd4  SleepTimerOn                              
00001dd5  Start_Buffering                           
00001dd6  Sync_Occured                              
00001dd7  flash_memory_full                         
00002200  _stack                                    
00002400  __STACK_END                               
00004400  ConnectCallBuffer                         
00004400  fram_rw_start                             
00004600  GSM_Buffer                                
00004800  Mqtt_Com_Buf                              
00004a00  Serialised_Buffer                         
00004c00  APP_Com_Buf                               
00004c64  Common_Buffer_G                           
00004cc8  main_Com_Buf                              
00004d2c  FlashWriteAdrress                         
00004d30  CloudSendAddress                          
00004d34  FC                                        
00004d38  _sys_memory                               
00005400  SYSNMI_ISR                                
00005400  fram_ipe_end                              
00005400  fram_ipe_start                            
00005400  fram_rx_start                             
00005440  GSM_UART                                  
00005478  RTC_ISR                                   
000054a6  TIMER_A0_isr                              
000054d4  TIMER_A1_isr                              
000054f8  TIMER_A2_isr                              
00005518  _c_int00_noargs_mpu                       
00005538  USCI_A0_ISR                               
00005546  __TI_ISR_TRAP                             
0000554e  memcpy                                    
00005562  CS_setExternalClockSource                 
00005574  MPU_enableNMIevent                        
00005586  MPU_start                                 
00005598  MQTTSerialize_puback                      
000055aa  Stop_GSM_MaxTimer                         
000055bc  __TI_decompress_none                      
000055ce  strcpy                                    
000055e0  PMM_trigBOR                               
000055f0  MQTTPacket_decodeBuf                      
000055fe  Tx_Uart0_Char                             
0000560c  Tx_Uart1_Char                             
0000561a  readChar                                  
00005628  strlen                                    
00005636  writeChar                                 
00005644  RTC_B_holdClock                           
00005650  RTC_B_setCalendarEvent                    
0000565c  RTC_B_startClock                          
00005668  abs                                       
00005672  Timer_A_stop                              
0000567a  Timer_A_clear                             
00005680  Timer_A_startCounter                      
00005686  C$$EXIT                                   
00005686  abort                                     
0000568c  _system_pre_init                          
00005690  _nop                                      
00005692  _system_post_cinit                        
00005996  _ctypes_                                  
00005e28  SPI_DisableProtection                     
00005e2c  SPI_Powerof2                              
00005e44  SPI_Manf_ID                               
00005e80  __TI_Handler_Table_Base                   
00005e8c  __TI_Handler_Table_Limit                  
00005e92  __TI_CINIT_Base                           
00005ea2  __TI_CINIT_Limit                          
0000a501  mpu_ctl0_value                            
0000ffcc  __TI_int30                                
0000ffce  __TI_int31                                
0000ffd0  __TI_int32                                
0000ffd2  __TI_int33                                
0000ffd4  __TI_int34                                
0000ffd6  __TI_int35                                
0000ffd8  __TI_int36                                
0000ffda  __TI_int37                                
0000ffdc  __TI_int38                                
0000ffde  __TI_int39                                
0000ffe0  __TI_int40                                
0000ffe2  __TI_int41                                
0000ffe4  __TI_int42                                
0000ffe6  __TI_int43                                
0000ffe8  __TI_int44                                
0000ffea  __TI_int45                                
0000ffec  __TI_int46                                
0000ffee  __TI_int47                                
0000fff0  __TI_int48                                
0000fff2  __TI_int49                                
0000fff4  __TI_int50                                
0000fff6  __TI_int51                                
0000fff8  __TI_int52                                
0000fffa  __TI_int53                                
0000fffc  __TI_int54                                
0000fffe  _reset_vector                             
00010000  ProcessGSMResp                            
000106a2  Proccess_Unsolicated_Response             
00010944  Init_GSM                                  
00010b68  main                                      
00010d6e  Process_SubcribeMsg                       
00010f20  MPU_initThreeSegments                     
000110c0  MQTTSerialize_connect                     
0001125e  Init_Uart                                 
000113fa  Insert_into_flash                         
0001157e  SATRT_TCP_UDP_SSL_CONNECTION              
000116dc  MQTTSendPacket                            
0001181c  Init_Device                               
00011954  Send_Data_to_Cloud                        
00011a7a  SPI_ModifyWrite_Flash                     
00011b8e  TCP_SEND                                  
00011c82  Connect_To_Broker                         
00011d70  MQTTSerialize_publish                     
00011e58  MQTTDeserialize_publish                   
00011f38  Mqtt_return_value                         
00012016  MQTTSerialize_subscribe                   
000120e6  Check_network                             
000121b2  Mqtt_Connection_Established               
00012274  Init_Tcp                                  
00012330  MQTTDeserialize_suback                    
000123ec  malloc                                    
000124a8  Subscribe                                 
0001255a  Init_RTC                                  
00012600  Publish                                   
000126a6  Init_HTTP                                 
00012748  SPI_CheckAndWriteIntoFlash                
000127e6  MQTTDeserialize_connack                   
0001287e  Increment_CloudSendAddress                
00012914  MQTTSerialize_connectLength               
000129a6  free                                      
00012a34  CS_turnOnHFXT                             
00012abc  MQTTSerialize_ack                         
00012b3e  Init_Clock                                
00012bbe  SPI_Init                                  
00012c3e  ltoa                                      
00012cbe  MQTTDeserialize_ack                       
00012d3c  Timer_A_initUpMode                        
00012db8  SendATCmd                                 
00012e32  Init_Http_TCP                             
00012ea8  __TI_decompress_lzss                      
00012f1e  Read_from_flash                           
00012f92  GPIO_setAsPeripheralModuleFunctionInputPin
00013004  Init_MPU                                  
00013074  CS_initClockSignal                        
000130de  SPI_Modify_MultipleContinuouseWrite       
00013148  RTC_B_initCalendar                        
000131b0  SPI_MultipleContinuouseRead               
00013218  TurnOn_GSM                                
0001327e  writeMQTTString                           
000132e2  Check_Return_Value                        
00013344  atoi                                      
000133a6  __mspabi_divul                            
000133a6  __mspabi_remul                            
000133fe  __TI_auto_init_nobinit_nopinit_hold_wdt   
00013452  strtok                                    
000134a6  readMQTTLenString                         
000134f2  Init_GSM_RespTimer                        
0001353c  Init_GSM_MaxTimer                         
00013584  Init_Wait_timer                           
000135cc  MQTTSerialize_subscribeLength             
00013614  TCPConnection_Status                      
0001365c  MQTTPacket_decode                         
000136a2  MQTTPacket_encode                         
000136e8  SPI_Send_SingleCmd                        
0001372e  strnstr                                   
00013774  minit                                     
000137b6  GPIO_setAsInputPin                        
000137f6  __mspabi_divli                            
000137f6  __mspabi_remli                            
00013836  TurnOff_Gsm                               
00013874  __mspabi_sral_15                          
00013878  __mspabi_sral_14                          
0001387c  __mspabi_sral_13                          
00013880  __mspabi_sral_12                          
00013884  __mspabi_sral_11                          
00013888  __mspabi_sral_10                          
0001388c  __mspabi_sral_9                           
00013890  __mspabi_sral_8                           
00013894  __mspabi_sral_7                           
00013898  __mspabi_sral_6                           
0001389c  __mspabi_sral_5                           
000138a0  __mspabi_sral_4                           
000138a4  __mspabi_sral_3                           
000138a8  __mspabi_sral_2                           
000138ac  __mspabi_sral_1                           
000138b2  __mspabi_slll_15                          
000138b6  __mspabi_slll_14                          
000138ba  __mspabi_slll_13                          
000138be  __mspabi_slll_12                          
000138c2  __mspabi_slll_11                          
000138c6  __mspabi_slll_10                          
000138ca  __mspabi_slll_9                           
000138ce  __mspabi_slll_8                           
000138d2  __mspabi_slll_7                           
000138d6  __mspabi_slll_6                           
000138da  __mspabi_slll_5                           
000138de  __mspabi_slll_4                           
000138e2  __mspabi_slll_3                           
000138e6  __mspabi_slll_2                           
000138ea  __mspabi_slll_1                           
000138f0  writeInt                                  
0001392e  strstr                                    
0001396a  AsciiToBcd                                
000139a4  CS_turnOnLFXT                             
000139de  SPI_SingleByteWrite                       
00013a14  GPIO_setAsOutputPin                       
00013a48  MQTTPacket_len                            
00013a7c  SPI_SingleByteRead                        
00013ab0  strncpy                                   
00013ae2  wait_for_second                           
00013b12  RTC_B_enableInterrupt                     
00013b40  SPI_Erase                                 
00013b6e  strncat                                   
00013b9c  writeCString                              
00013bca  MQTTSerialize_publishLength               
00013bf6  MQTTstrlen                                
00013c22  RTC_B_clearInterrupt                      
00013c4e  WaitExtraResp                             
00013c7a  __mpu_init                                
00013ca6  calloc                                    
00013cd2  __mspabi_divi                             
00013cd2  __mspabi_remi                             
00013cfe  strcspn                                   
00013d2a  MPU_clearAllInterrupts                    
00013d54  strspn                                    
00013d7e  Start_GSM_MaxTimer                        
00013da4  memcmp                                    
00013dca  SPI_SerialFlash_WriteBusy                 
00013dee  __TI_zero_init_nomemset                   
00013e12  __mspabi_mpyl_f5hw                        
00013e36  RTC_B_definePrescaleEvent                 
00013e54  bufchar                                   
00013e72  strcat                                    
00013e90  GPIO_setOutputHighOnPin                   
00013eac  MPU_disablePUCOnViolation                 
00013ec8  WDT_A_resetTimer                          
00013ee4  WDT_A_start                               
00013f00  SPI                                       
00013f1a  ShutAllConnection                         
00013f34  readInt                                   
00013f4c  __mspabi_mpyi_f5hw                        
00013f64  FRAMCtl_configureWaitStateControl         
00013f7a  Tx_Uart0_String                           
00013f90  Tx_Uart1_String                           
00013fa6  memset                                    
00013fbc  __mspabi_divu                             
00013fbc  __mspabi_remu                             
00013fd2  WDT_A_initWatchdogTimer                   
00013fe6  clear_buffer                              
00013ffa  PMM_unlockLPM5                            
ffffffff  __TI_pprof_out_hndl                       
ffffffff  __TI_prof_data_size                       
ffffffff  __TI_prof_data_start                      
ffffffff  __c_args__                                

[1101 symbols]
